<html>
<body>
<pre>
<h1>µVision Build Log</h1>
<h2>Project:</h2>
C:\Users\aq354446\Documents\WNE\Teaching\Semesters\CurrentSemester\S21\CPE355-S21\Lecture Notes\Lecture 15-ST7735-LCD\CPE355ProjectStarter\CPE355ProjectStarter.uvproj
Project File Date:  03/21/2021

<h2>Output:</h2>
Build target 'CPE355ProjectStarter'
linking...
Program Size: Code=3308 RO-data=27332 RW-data=56 ZI-data=1336  
".\CPE355ProjectStarter.axf" - 0 Error(s), 0 Warning(s).
Load "C:\\Users\\aq354446\\Documents\\WNE\\Teaching\\Semesters\\CurrentSemester\\S21\\CPE355-S21\\Lecture Notes\\Lecture 15-ST7735-LCD\\CPE355ProjectStarter\\CPE355ProjectStarter.axf" 
Connecting: Mode=JTAG, Speed=1000000Hz
Erase Done.
Programming Done.
Verify OK.
</pre>
</body>
</html>
