Component: ARM Compiler 5.06 update 7 (build 960) Tool: armlink [4d3601]

==============================================================================

Section Cross References

    startup.o(RESET) refers to startup.o(STACK) for StackMem
    startup.o(RESET) refers to game_task.o(i.SysTick_Handler) for SysTick_Handler
    startup.o(RESET) refers to entry.o(.ARM.Collect$$$$00000000) for __main
    st7735.o(i.Output_Clear) refers to st7735.o(i.ST7735_FillScreen) for ST7735_FillScreen
    st7735.o(i.Output_Color) refers to st7735.o(i.ST7735_SetTextColor) for ST7735_SetTextColor
    st7735.o(i.Output_Init) refers to st7735.o(i.ST7735_InitR) for ST7735_InitR
    st7735.o(i.Output_Init) refers to st7735.o(i.ST7735_FillScreen) for ST7735_FillScreen
    st7735.o(i.Output_Off) refers to st7735.o(i.Output_Clear) for Output_Clear
    st7735.o(i.Output_On) refers to st7735.o(i.Output_Init) for Output_Init
    st7735.o(i.ST7735_DrawBitmap) refers to st7735.o(i.setAddrWindow) for setAddrWindow
    st7735.o(i.ST7735_DrawBitmap) refers to st7735.o(i.writedata) for writedata
    st7735.o(i.ST7735_DrawBitmap) refers to st7735.o(.data) for _width
    st7735.o(i.ST7735_DrawChar) refers to st7735.o(i.setAddrWindow) for setAddrWindow
    st7735.o(i.ST7735_DrawChar) refers to st7735.o(i.pushColor) for pushColor
    st7735.o(i.ST7735_DrawChar) refers to st7735.o(.data) for _width
    st7735.o(i.ST7735_DrawChar) refers to st7735.o(.constdata) for Font
    st7735.o(i.ST7735_DrawCharS) refers to st7735.o(i.ST7735_DrawPixel) for ST7735_DrawPixel
    st7735.o(i.ST7735_DrawCharS) refers to st7735.o(i.ST7735_FillRect) for ST7735_FillRect
    st7735.o(i.ST7735_DrawCharS) refers to st7735.o(.data) for _width
    st7735.o(i.ST7735_DrawCharS) refers to st7735.o(.constdata) for Font
    st7735.o(i.ST7735_DrawFastHLine) refers to st7735.o(i.setAddrWindow) for setAddrWindow
    st7735.o(i.ST7735_DrawFastHLine) refers to st7735.o(i.writedata) for writedata
    st7735.o(i.ST7735_DrawFastHLine) refers to st7735.o(.data) for _width
    st7735.o(i.ST7735_DrawFastVLine) refers to st7735.o(i.setAddrWindow) for setAddrWindow
    st7735.o(i.ST7735_DrawFastVLine) refers to st7735.o(i.writedata) for writedata
    st7735.o(i.ST7735_DrawFastVLine) refers to st7735.o(.data) for _width
    st7735.o(i.ST7735_DrawPixel) refers to st7735.o(i.setAddrWindow) for setAddrWindow
    st7735.o(i.ST7735_DrawPixel) refers to st7735.o(i.pushColor) for pushColor
    st7735.o(i.ST7735_DrawPixel) refers to st7735.o(.data) for _width
    st7735.o(i.ST7735_DrawString) refers to st7735.o(i.ST7735_DrawCharS) for ST7735_DrawCharS
    st7735.o(i.ST7735_FillRect) refers to st7735.o(i.setAddrWindow) for setAddrWindow
    st7735.o(i.ST7735_FillRect) refers to st7735.o(i.writedata) for writedata
    st7735.o(i.ST7735_FillRect) refers to st7735.o(.data) for _width
    st7735.o(i.ST7735_FillScreen) refers to st7735.o(i.ST7735_FillRect) for ST7735_FillRect
    st7735.o(i.ST7735_FillScreen) refers to st7735.o(.data) for _height
    st7735.o(i.ST7735_InitB) refers to st7735.o(i.commonInit) for commonInit
    st7735.o(i.ST7735_InitB) refers to st7735.o(i.ST7735_SetCursor) for ST7735_SetCursor
    st7735.o(i.ST7735_InitB) refers to st7735.o(i.ST7735_FillScreen) for ST7735_FillScreen
    st7735.o(i.ST7735_InitB) refers to st7735.o(.constdata) for Bcmd
    st7735.o(i.ST7735_InitB) refers to st7735.o(.data) for StTextColor
    st7735.o(i.ST7735_InitR) refers to st7735.o(i.commonInit) for commonInit
    st7735.o(i.ST7735_InitR) refers to st7735.o(i.commandList) for commandList
    st7735.o(i.ST7735_InitR) refers to st7735.o(i.writecommand) for writecommand
    st7735.o(i.ST7735_InitR) refers to st7735.o(i.writedata) for writedata
    st7735.o(i.ST7735_InitR) refers to st7735.o(i.ST7735_SetCursor) for ST7735_SetCursor
    st7735.o(i.ST7735_InitR) refers to st7735.o(i.ST7735_FillScreen) for ST7735_FillScreen
    st7735.o(i.ST7735_InitR) refers to st7735.o(.constdata) for Rcmd1
    st7735.o(i.ST7735_InitR) refers to st7735.o(.data) for ColStart
    st7735.o(i.ST7735_InvertDisplay) refers to st7735.o(i.writecommand) for writecommand
    st7735.o(i.ST7735_OutChar) refers to st7735.o(i.ST7735_DrawString) for ST7735_DrawString
    st7735.o(i.ST7735_OutChar) refers to st7735.o(i.ST7735_DrawCharS) for ST7735_DrawCharS
    st7735.o(i.ST7735_OutChar) refers to st7735.o(.data) for StY
    st7735.o(i.ST7735_OutString) refers to st7735.o(i.ST7735_OutChar) for ST7735_OutChar
    st7735.o(i.ST7735_OutUDec) refers to st7735.o(i.fillmessage) for fillmessage
    st7735.o(i.ST7735_OutUDec) refers to st7735.o(i.ST7735_DrawString) for ST7735_DrawString
    st7735.o(i.ST7735_OutUDec) refers to st7735.o(i.ST7735_DrawCharS) for ST7735_DrawCharS
    st7735.o(i.ST7735_OutUDec) refers to st7735.o(.data) for Messageindex
    st7735.o(i.ST7735_OutUDec) refers to st7735.o(.bss) for Message
    st7735.o(i.ST7735_PlotBar) refers to st7735.o(i.ST7735_DrawFastVLine) for ST7735_DrawFastVLine
    st7735.o(i.ST7735_PlotBar) refers to st7735.o(.data) for Ymin
    st7735.o(i.ST7735_PlotClear) refers to st7735.o(i.ST7735_Color565) for ST7735_Color565
    st7735.o(i.ST7735_PlotClear) refers to st7735.o(i.ST7735_FillRect) for ST7735_FillRect
    st7735.o(i.ST7735_PlotClear) refers to st7735.o(.data) for Ymax
    st7735.o(i.ST7735_PlotLine) refers to st7735.o(i.ST7735_DrawPixel) for ST7735_DrawPixel
    st7735.o(i.ST7735_PlotLine) refers to st7735.o(.data) for Ymin
    st7735.o(i.ST7735_PlotNext) refers to st7735.o(.data) for X
    st7735.o(i.ST7735_PlotNextErase) refers to st7735.o(i.ST7735_Color565) for ST7735_Color565
    st7735.o(i.ST7735_PlotNextErase) refers to st7735.o(i.ST7735_DrawFastVLine) for ST7735_DrawFastVLine
    st7735.o(i.ST7735_PlotNextErase) refers to st7735.o(.data) for X
    st7735.o(i.ST7735_PlotPoint) refers to st7735.o(i.ST7735_DrawPixel) for ST7735_DrawPixel
    st7735.o(i.ST7735_PlotPoint) refers to st7735.o(.data) for Ymin
    st7735.o(i.ST7735_PlotPoints) refers to st7735.o(i.ST7735_DrawPixel) for ST7735_DrawPixel
    st7735.o(i.ST7735_PlotPoints) refers to st7735.o(.data) for Ymin
    st7735.o(i.ST7735_PlotdBfs) refers to st7735.o(i.ST7735_DrawFastVLine) for ST7735_DrawFastVLine
    st7735.o(i.ST7735_PlotdBfs) refers to st7735.o(.constdata) for dBfs
    st7735.o(i.ST7735_PlotdBfs) refers to st7735.o(.data) for X
    st7735.o(i.ST7735_SetCursor) refers to st7735.o(.data) for StX
    st7735.o(i.ST7735_SetRotation) refers to st7735.o(i.writecommand) for writecommand
    st7735.o(i.ST7735_SetRotation) refers to st7735.o(i.writedata) for writedata
    st7735.o(i.ST7735_SetRotation) refers to st7735.o(.data) for Rotation
    st7735.o(i.ST7735_SetTextColor) refers to st7735.o(.data) for StTextColor
    st7735.o(i.commandList) refers to st7735.o(i.writecommand) for writecommand
    st7735.o(i.commandList) refers to st7735.o(i.writedata) for writedata
    st7735.o(i.commandList) refers to st7735.o(i.Delay1ms) for Delay1ms
    st7735.o(i.commonInit) refers to st7735.o(i.Delay1ms) for Delay1ms
    st7735.o(i.commonInit) refers to st7735.o(i.commandList) for commandList
    st7735.o(i.commonInit) refers to st7735.o(.data) for RowStart
    st7735.o(i.fillmessage) refers to st7735.o(.bss) for Message
    st7735.o(i.fillmessage) refers to st7735.o(.data) for Messageindex
    st7735.o(i.fputc) refers to st7735.o(i.ST7735_OutChar) for ST7735_OutChar
    st7735.o(i.pushColor) refers to st7735.o(i.writedata) for writedata
    st7735.o(i.setAddrWindow) refers to st7735.o(i.writecommand) for writecommand
    st7735.o(i.setAddrWindow) refers to st7735.o(i.writedata) for writedata
    st7735.o(i.setAddrWindow) refers to st7735.o(.data) for ColStart
    joystick.o(i.Joystick_Update) refers to joystick.o(.data) for adc_y
    joystick.o(i.Joystick_X) refers to joystick.o(.data) for adc_x
    joystick.o(i.Joystick_Y) refers to joystick.o(.data) for adc_y
    hud.o(i.Hud_Clear_All) refers to display_funcs.o(i.Clear) for Clear
    hud.o(i.Hud_Clear_Lower) refers to display_funcs.o(i.Clear) for Clear
    hud.o(i.Hud_Clear_Upper) refers to display_funcs.o(i.Clear) for Clear
    hud.o(i.Hud_Ingame) refers to hud.o(i.Hud_Menu) for Hud_Menu
    hud.o(i.Hud_Ingame) refers to printf1.o(i.__0sprintf$1) for __2sprintf
    hud.o(i.Hud_Ingame) refers to display_funcs.o(i.Draw_White_Text) for Draw_White_Text
    hud.o(i.Hud_Ingame) refers to st7735.o(i.ST7735_DrawBitmap) for ST7735_DrawBitmap
    hud.o(i.Hud_Ingame) refers to strlen.o(.text) for strlen
    hud.o(i.Hud_Ingame) refers to bitmaps.o(.constdata) for PlayerShip0
    hud.o(i.Hud_Menu) refers to memcpya.o(.text) for __aeabi_memcpy4
    hud.o(i.Hud_Menu) refers to strlen.o(.text) for strlen
    hud.o(i.Hud_Menu) refers to display_funcs.o(i.Draw_White_Text) for Draw_White_Text
    hud.o(i.Hud_Menu) refers to printf1.o(i.__0sprintf$1) for __2sprintf
    menu.o(i.GameOver_Menu) refers to menu.o(i.Menu_Clear) for Menu_Clear
    menu.o(i.GameOver_Menu) refers to menu.o(i.SubMenu_Clear) for SubMenu_Clear
    menu.o(i.GameOver_Menu) refers to strlen.o(.text) for strlen
    menu.o(i.GameOver_Menu) refers to display_funcs.o(i.Draw_Text) for Draw_Text
    menu.o(i.Menu) refers to menu.o(i.Start_Menu) for Start_Menu
    menu.o(i.Menu) refers to menu.o(i.GameOver_Menu) for GameOver_Menu
    menu.o(i.Menu_Clear) refers to display_funcs.o(i.Clear) for Clear
    menu.o(i.Player_Ship_Clear) refers to st7735.o(i.ST7735_FillRect) for ST7735_FillRect
    menu.o(i.Player_Ship_Clear) refers to game_vars.o(.bss) for SpaceShip
    menu.o(i.Start_Menu) refers to strlen.o(.text) for strlen
    menu.o(i.Start_Menu) refers to display_funcs.o(i.Draw_White_Text_Delayed_10ms) for Draw_White_Text_Delayed_10ms
    menu.o(i.Start_Menu) refers to display_funcs.o(i.Draw_White_Text) for Draw_White_Text
    menu.o(i.SubMenu_Clear) refers to display_funcs.o(i.Clear) for Clear
    display_funcs.o(i.Clear) refers to st7735.o(i.ST7735_FillRect) for ST7735_FillRect
    display_funcs.o(i.Draw_Text) refers to st7735.o(i.ST7735_DrawCharS) for ST7735_DrawCharS
    display_funcs.o(i.Draw_Text) refers to strlen.o(.text) for strlen
    display_funcs.o(i.Draw_Text_Delayed_10ms) refers to st7735.o(i.ST7735_DrawCharS) for ST7735_DrawCharS
    display_funcs.o(i.Draw_Text_Delayed_10ms) refers to display_funcs.o(i.Delay_10ms) for Delay_10ms
    display_funcs.o(i.Draw_Text_Delayed_10ms) refers to strlen.o(.text) for strlen
    display_funcs.o(i.Draw_White_Text) refers to display_funcs.o(i.Draw_Text) for Draw_Text
    display_funcs.o(i.Draw_White_Text_Delayed_10ms) refers to display_funcs.o(i.Draw_Text_Delayed_10ms) for Draw_Text_Delayed_10ms
    random.o(.text) refers to random.o(DATA) for M
    game_task.o(i.Enemy_Tally) refers to game_vars.o(.data) for enemy_tally
    game_task.o(i.Enemy_Tally) refers to game_vars.o(.bss) for Enemy
    game_task.o(i.Game_Move) refers to joystick.o(i.Joystick_X) for Joystick_X
    game_task.o(i.Game_Move) refers to joystick.o(i.Joystick_SW) for Joystick_SW
    game_task.o(i.Game_Move) refers to game_task.o(i.Shoot_SpaceShip_Laser) for Shoot_SpaceShip_Laser
    game_task.o(i.Game_Move) refers to game_vars.o(.bss) for SpaceShip
    game_task.o(i.Game_Move) refers to game_vars.o(.data) for game_status
    game_task.o(i.Game_Task_Init) refers to startup.o(.text) for EnableInterrupts
    game_task.o(i.Game_Task_Init) refers to game_task.o(.data) for FR_30_HZ
    game_task.o(i.Hit_Detection) refers to memcpya.o(.text) for __aeabi_memcpy4
    game_task.o(i.Hit_Detection) refers to game_vars.o(.bss) for SpaceShip_Laser
    game_task.o(i.Hit_Detection) refers to game_vars.o(.data) for score
    game_task.o(i.Level_Size) refers to game_vars.o(.data) for level
    game_task.o(i.Shoot_Enemy_Weapons) refers to random.o(.text) for Random32
    game_task.o(i.Shoot_Enemy_Weapons) refers to game_vars.o(.bss) for Enemy_Laser
    game_task.o(i.Shoot_Enemy_Weapons) refers to game_vars.o(.data) for i_bound
    game_task.o(i.Shoot_SpaceShip_Laser) refers to game_vars.o(.bss) for SpaceShip
    game_task.o(i.SysTick_Handler) refers to joystick.o(i.Joystick_Update) for Joystick_Update
    game_task.o(i.SysTick_Handler) refers to game_task.o(i.Level_Size) for Level_Size
    game_task.o(i.SysTick_Handler) refers to game_task.o(i.Enemy_Tally) for Enemy_Tally
    game_task.o(i.SysTick_Handler) refers to game_task.o(i.Game_Move) for Game_Move
    game_task.o(i.SysTick_Handler) refers to game_task.o(i.Shoot_Enemy_Weapons) for Shoot_Enemy_Weapons
    game_task.o(i.SysTick_Handler) refers to game_task.o(i.Hit_Detection) for Hit_Detection
    game_task.o(i.SysTick_Handler) refers to game_vars.o(.data) for game_proc_finished
    game.o(i.GameDraw) refers to st7735.o(i.ST7735_DrawBitmap) for ST7735_DrawBitmap
    game.o(i.GameDraw) refers to game_vars.o(.bss) for Enemy
    game.o(i.GameDraw) refers to game.o(.data) for FrameCount
    game.o(i.GameDraw) refers to game_vars.o(.data) for j_bound
    game.o(i.GameInit) refers to random.o(.text) for Random32
    game.o(i.GameInit) refers to game_vars.o(.bss) for Enemy
    game.o(i.GameInit) refers to bitmaps.o(.constdata) for BlackEnemy
    game.o(i.main) refers to pll.o(i.PLL_Init) for PLL_Init
    game.o(i.main) refers to st7735.o(i.Output_Init) for Output_Init
    game.o(i.main) refers to game.o(i.GameInit) for GameInit
    game.o(i.main) refers to random.o(.text) for Random_Init
    game.o(i.main) refers to joystick.o(i.Joystick_Init) for Joystick_Init
    game.o(i.main) refers to st7735.o(i.ST7735_FillScreen) for ST7735_FillScreen
    game.o(i.main) refers to hud.o(i.Hud_Menu) for Hud_Menu
    game.o(i.main) refers to menu.o(i.Menu) for Menu
    game.o(i.main) refers to game.o(i.DelayWait10ms) for DelayWait10ms
    game.o(i.main) refers to menu.o(i.Menu_Clear) for Menu_Clear
    game.o(i.main) refers to joystick.o(i.Joystick_SW) for Joystick_SW
    game.o(i.main) refers to menu.o(i.SubMenu_Clear) for SubMenu_Clear
    game.o(i.main) refers to game_task.o(i.Game_Task_Init) for Game_Task_Init
    game.o(i.main) refers to hud.o(i.Hud_Ingame) for Hud_Ingame
    game.o(i.main) refers to game.o(i.GameDraw) for GameDraw
    game.o(i.main) refers to menu.o(i.Player_Ship_Clear) for Player_Ship_Clear
    game.o(i.main) refers to hud.o(i.Hud_Clear_Upper) for Hud_Clear_Upper
    game.o(i.main) refers to game_vars.o(.data) for highscore
    entry.o(.ARM.Collect$$$$00000000) refers (Special) to entry10a.o(.ARM.Collect$$$$0000000F) for __rt_final_cpp
    entry.o(.ARM.Collect$$$$00000000) refers (Special) to entry11a.o(.ARM.Collect$$$$00000011) for __rt_final_exit
    entry.o(.ARM.Collect$$$$00000000) refers (Special) to entry12b.o(.ARM.Collect$$$$0000000E) for __rt_lib_shutdown_fini
    entry.o(.ARM.Collect$$$$00000000) refers (Special) to entry7b.o(.ARM.Collect$$$$00000008) for _main_clock
    entry.o(.ARM.Collect$$$$00000000) refers (Special) to entry8b.o(.ARM.Collect$$$$0000000A) for _main_cpp_init
    entry.o(.ARM.Collect$$$$00000000) refers (Special) to entry9a.o(.ARM.Collect$$$$0000000B) for _main_init
    entry.o(.ARM.Collect$$$$00000000) refers (Special) to entry5.o(.ARM.Collect$$$$00000004) for _main_scatterload
    entry.o(.ARM.Collect$$$$00000000) refers (Special) to entry2.o(.ARM.Collect$$$$00000001) for _main_stk
    printfb.o(i.__0fprintf$bare) refers to printfb.o(i._printf_core) for _printf_core
    printfb.o(i.__0fprintf$bare) refers to st7735.o(i.fputc) for fputc
    printfb.o(i.__0printf$bare) refers to printfb.o(i._printf_core) for _printf_core
    printfb.o(i.__0printf$bare) refers to st7735.o(i.fputc) for fputc
    printfb.o(i.__0printf$bare) refers to stdout.o(.data) for __stdout
    printfb.o(i.__0snprintf$bare) refers to printfb.o(i._printf_core) for _printf_core
    printfb.o(i.__0snprintf$bare) refers to printfb.o(i._snputc) for _snputc
    printfb.o(i.__0sprintf$bare) refers to printfb.o(i._printf_core) for _printf_core
    printfb.o(i.__0sprintf$bare) refers to printfb.o(i._sputc) for _sputc
    printfb.o(i.__0vfprintf$bare) refers to printfb.o(i._printf_core) for _printf_core
    printfb.o(i.__0vfprintf$bare) refers to st7735.o(i.fputc) for fputc
    printfb.o(i.__0vprintf$bare) refers to printfb.o(i._printf_core) for _printf_core
    printfb.o(i.__0vprintf$bare) refers to st7735.o(i.fputc) for fputc
    printfb.o(i.__0vprintf$bare) refers to stdout.o(.data) for __stdout
    printfb.o(i.__0vsnprintf$bare) refers to printfb.o(i._printf_core) for _printf_core
    printfb.o(i.__0vsnprintf$bare) refers to printfb.o(i._snputc) for _snputc
    printfb.o(i.__0vsprintf$bare) refers to printfb.o(i._printf_core) for _printf_core
    printfb.o(i.__0vsprintf$bare) refers to printfb.o(i._sputc) for _sputc
    printf0.o(i.__0fprintf$0) refers to printf0.o(i._printf_core) for _printf_core
    printf0.o(i.__0fprintf$0) refers to st7735.o(i.fputc) for fputc
    printf0.o(i.__0printf$0) refers to printf0.o(i._printf_core) for _printf_core
    printf0.o(i.__0printf$0) refers to st7735.o(i.fputc) for fputc
    printf0.o(i.__0printf$0) refers to stdout.o(.data) for __stdout
    printf0.o(i.__0snprintf$0) refers to printf0.o(i._printf_core) for _printf_core
    printf0.o(i.__0snprintf$0) refers to printf0.o(i._snputc) for _snputc
    printf0.o(i.__0sprintf$0) refers to printf0.o(i._printf_core) for _printf_core
    printf0.o(i.__0sprintf$0) refers to printf0.o(i._sputc) for _sputc
    printf0.o(i.__0vfprintf$0) refers to printf0.o(i._printf_core) for _printf_core
    printf0.o(i.__0vfprintf$0) refers to st7735.o(i.fputc) for fputc
    printf0.o(i.__0vprintf$0) refers to printf0.o(i._printf_core) for _printf_core
    printf0.o(i.__0vprintf$0) refers to st7735.o(i.fputc) for fputc
    printf0.o(i.__0vprintf$0) refers to stdout.o(.data) for __stdout
    printf0.o(i.__0vsnprintf$0) refers to printf0.o(i._printf_core) for _printf_core
    printf0.o(i.__0vsnprintf$0) refers to printf0.o(i._snputc) for _snputc
    printf0.o(i.__0vsprintf$0) refers to printf0.o(i._printf_core) for _printf_core
    printf0.o(i.__0vsprintf$0) refers to printf0.o(i._sputc) for _sputc
    printf1.o(i.__0fprintf$1) refers to printf1.o(i._printf_core) for _printf_core
    printf1.o(i.__0fprintf$1) refers to st7735.o(i.fputc) for fputc
    printf1.o(i.__0printf$1) refers to printf1.o(i._printf_core) for _printf_core
    printf1.o(i.__0printf$1) refers to st7735.o(i.fputc) for fputc
    printf1.o(i.__0printf$1) refers to stdout.o(.data) for __stdout
    printf1.o(i.__0snprintf$1) refers to printf1.o(i._printf_core) for _printf_core
    printf1.o(i.__0snprintf$1) refers to printf1.o(i._snputc) for _snputc
    printf1.o(i.__0sprintf$1) refers to printf1.o(i._printf_core) for _printf_core
    printf1.o(i.__0sprintf$1) refers to printf1.o(i._sputc) for _sputc
    printf1.o(i.__0vfprintf$1) refers to printf1.o(i._printf_core) for _printf_core
    printf1.o(i.__0vfprintf$1) refers to st7735.o(i.fputc) for fputc
    printf1.o(i.__0vprintf$1) refers to printf1.o(i._printf_core) for _printf_core
    printf1.o(i.__0vprintf$1) refers to st7735.o(i.fputc) for fputc
    printf1.o(i.__0vprintf$1) refers to stdout.o(.data) for __stdout
    printf1.o(i.__0vsnprintf$1) refers to printf1.o(i._printf_core) for _printf_core
    printf1.o(i.__0vsnprintf$1) refers to printf1.o(i._snputc) for _snputc
    printf1.o(i.__0vsprintf$1) refers to printf1.o(i._printf_core) for _printf_core
    printf1.o(i.__0vsprintf$1) refers to printf1.o(i._sputc) for _sputc
    printf1.o(i._printf_core) refers to uidiv.o(.text) for __aeabi_uidivmod
    printf2.o(i.__0fprintf$2) refers to printf2.o(i._printf_core) for _printf_core
    printf2.o(i.__0fprintf$2) refers to st7735.o(i.fputc) for fputc
    printf2.o(i.__0printf$2) refers to printf2.o(i._printf_core) for _printf_core
    printf2.o(i.__0printf$2) refers to st7735.o(i.fputc) for fputc
    printf2.o(i.__0printf$2) refers to stdout.o(.data) for __stdout
    printf2.o(i.__0snprintf$2) refers to printf2.o(i._printf_core) for _printf_core
    printf2.o(i.__0snprintf$2) refers to printf2.o(i._snputc) for _snputc
    printf2.o(i.__0sprintf$2) refers to printf2.o(i._printf_core) for _printf_core
    printf2.o(i.__0sprintf$2) refers to printf2.o(i._sputc) for _sputc
    printf2.o(i.__0vfprintf$2) refers to printf2.o(i._printf_core) for _printf_core
    printf2.o(i.__0vfprintf$2) refers to st7735.o(i.fputc) for fputc
    printf2.o(i.__0vprintf$2) refers to printf2.o(i._printf_core) for _printf_core
    printf2.o(i.__0vprintf$2) refers to st7735.o(i.fputc) for fputc
    printf2.o(i.__0vprintf$2) refers to stdout.o(.data) for __stdout
    printf2.o(i.__0vsnprintf$2) refers to printf2.o(i._printf_core) for _printf_core
    printf2.o(i.__0vsnprintf$2) refers to printf2.o(i._snputc) for _snputc
    printf2.o(i.__0vsprintf$2) refers to printf2.o(i._printf_core) for _printf_core
    printf2.o(i.__0vsprintf$2) refers to printf2.o(i._sputc) for _sputc
    printf3.o(i.__0fprintf$3) refers to printf3.o(i._printf_core) for _printf_core
    printf3.o(i.__0fprintf$3) refers to st7735.o(i.fputc) for fputc
    printf3.o(i.__0printf$3) refers to printf3.o(i._printf_core) for _printf_core
    printf3.o(i.__0printf$3) refers to st7735.o(i.fputc) for fputc
    printf3.o(i.__0printf$3) refers to stdout.o(.data) for __stdout
    printf3.o(i.__0snprintf$3) refers to printf3.o(i._printf_core) for _printf_core
    printf3.o(i.__0snprintf$3) refers to printf3.o(i._snputc) for _snputc
    printf3.o(i.__0sprintf$3) refers to printf3.o(i._printf_core) for _printf_core
    printf3.o(i.__0sprintf$3) refers to printf3.o(i._sputc) for _sputc
    printf3.o(i.__0vfprintf$3) refers to printf3.o(i._printf_core) for _printf_core
    printf3.o(i.__0vfprintf$3) refers to st7735.o(i.fputc) for fputc
    printf3.o(i.__0vprintf$3) refers to printf3.o(i._printf_core) for _printf_core
    printf3.o(i.__0vprintf$3) refers to st7735.o(i.fputc) for fputc
    printf3.o(i.__0vprintf$3) refers to stdout.o(.data) for __stdout
    printf3.o(i.__0vsnprintf$3) refers to printf3.o(i._printf_core) for _printf_core
    printf3.o(i.__0vsnprintf$3) refers to printf3.o(i._snputc) for _snputc
    printf3.o(i.__0vsprintf$3) refers to printf3.o(i._printf_core) for _printf_core
    printf3.o(i.__0vsprintf$3) refers to printf3.o(i._sputc) for _sputc
    printf3.o(i._printf_core) refers to uidiv.o(.text) for __aeabi_uidivmod
    printf4.o(i.__0fprintf$4) refers to printf4.o(i._printf_core) for _printf_core
    printf4.o(i.__0fprintf$4) refers to st7735.o(i.fputc) for fputc
    printf4.o(i.__0printf$4) refers to printf4.o(i._printf_core) for _printf_core
    printf4.o(i.__0printf$4) refers to st7735.o(i.fputc) for fputc
    printf4.o(i.__0printf$4) refers to stdout.o(.data) for __stdout
    printf4.o(i.__0snprintf$4) refers to printf4.o(i._printf_core) for _printf_core
    printf4.o(i.__0snprintf$4) refers to printf4.o(i._snputc) for _snputc
    printf4.o(i.__0sprintf$4) refers to printf4.o(i._printf_core) for _printf_core
    printf4.o(i.__0sprintf$4) refers to printf4.o(i._sputc) for _sputc
    printf4.o(i.__0vfprintf$4) refers to printf4.o(i._printf_core) for _printf_core
    printf4.o(i.__0vfprintf$4) refers to st7735.o(i.fputc) for fputc
    printf4.o(i.__0vprintf$4) refers to printf4.o(i._printf_core) for _printf_core
    printf4.o(i.__0vprintf$4) refers to st7735.o(i.fputc) for fputc
    printf4.o(i.__0vprintf$4) refers to stdout.o(.data) for __stdout
    printf4.o(i.__0vsnprintf$4) refers to printf4.o(i._printf_core) for _printf_core
    printf4.o(i.__0vsnprintf$4) refers to printf4.o(i._snputc) for _snputc
    printf4.o(i.__0vsprintf$4) refers to printf4.o(i._printf_core) for _printf_core
    printf4.o(i.__0vsprintf$4) refers to printf4.o(i._sputc) for _sputc
    printf4.o(i._printf_core) refers to uldiv.o(.text) for __aeabi_uldivmod
    printf5.o(i.__0fprintf$5) refers to printf5.o(i._printf_core) for _printf_core
    printf5.o(i.__0fprintf$5) refers to st7735.o(i.fputc) for fputc
    printf5.o(i.__0printf$5) refers to printf5.o(i._printf_core) for _printf_core
    printf5.o(i.__0printf$5) refers to st7735.o(i.fputc) for fputc
    printf5.o(i.__0printf$5) refers to stdout.o(.data) for __stdout
    printf5.o(i.__0snprintf$5) refers to printf5.o(i._printf_core) for _printf_core
    printf5.o(i.__0snprintf$5) refers to printf5.o(i._snputc) for _snputc
    printf5.o(i.__0sprintf$5) refers to printf5.o(i._printf_core) for _printf_core
    printf5.o(i.__0sprintf$5) refers to printf5.o(i._sputc) for _sputc
    printf5.o(i.__0vfprintf$5) refers to printf5.o(i._printf_core) for _printf_core
    printf5.o(i.__0vfprintf$5) refers to st7735.o(i.fputc) for fputc
    printf5.o(i.__0vprintf$5) refers to printf5.o(i._printf_core) for _printf_core
    printf5.o(i.__0vprintf$5) refers to st7735.o(i.fputc) for fputc
    printf5.o(i.__0vprintf$5) refers to stdout.o(.data) for __stdout
    printf5.o(i.__0vsnprintf$5) refers to printf5.o(i._printf_core) for _printf_core
    printf5.o(i.__0vsnprintf$5) refers to printf5.o(i._snputc) for _snputc
    printf5.o(i.__0vsprintf$5) refers to printf5.o(i._printf_core) for _printf_core
    printf5.o(i.__0vsprintf$5) refers to printf5.o(i._sputc) for _sputc
    printf5.o(i._printf_core) refers to uldiv.o(.text) for __aeabi_uldivmod
    printf6.o(i.__0fprintf$6) refers to printf6.o(i._printf_core) for _printf_core
    printf6.o(i.__0fprintf$6) refers to st7735.o(i.fputc) for fputc
    printf6.o(i.__0printf$6) refers to printf6.o(i._printf_core) for _printf_core
    printf6.o(i.__0printf$6) refers to st7735.o(i.fputc) for fputc
    printf6.o(i.__0printf$6) refers to stdout.o(.data) for __stdout
    printf6.o(i.__0snprintf$6) refers to printf6.o(i._printf_core) for _printf_core
    printf6.o(i.__0snprintf$6) refers to printf6.o(i._snputc) for _snputc
    printf6.o(i.__0sprintf$6) refers to printf6.o(i._printf_core) for _printf_core
    printf6.o(i.__0sprintf$6) refers to printf6.o(i._sputc) for _sputc
    printf6.o(i.__0vfprintf$6) refers to printf6.o(i._printf_core) for _printf_core
    printf6.o(i.__0vfprintf$6) refers to st7735.o(i.fputc) for fputc
    printf6.o(i.__0vprintf$6) refers to printf6.o(i._printf_core) for _printf_core
    printf6.o(i.__0vprintf$6) refers to st7735.o(i.fputc) for fputc
    printf6.o(i.__0vprintf$6) refers to stdout.o(.data) for __stdout
    printf6.o(i.__0vsnprintf$6) refers to printf6.o(i._printf_core) for _printf_core
    printf6.o(i.__0vsnprintf$6) refers to printf6.o(i._snputc) for _snputc
    printf6.o(i.__0vsprintf$6) refers to printf6.o(i._printf_core) for _printf_core
    printf6.o(i.__0vsprintf$6) refers to printf6.o(i._sputc) for _sputc
    printf6.o(i._printf_core) refers to printf6.o(i._printf_pre_padding) for _printf_pre_padding
    printf6.o(i._printf_core) refers to uidiv.o(.text) for __aeabi_uidivmod
    printf6.o(i._printf_core) refers to printf6.o(i._printf_post_padding) for _printf_post_padding
    printf7.o(i.__0fprintf$7) refers to printf7.o(i._printf_core) for _printf_core
    printf7.o(i.__0fprintf$7) refers to st7735.o(i.fputc) for fputc
    printf7.o(i.__0printf$7) refers to printf7.o(i._printf_core) for _printf_core
    printf7.o(i.__0printf$7) refers to st7735.o(i.fputc) for fputc
    printf7.o(i.__0printf$7) refers to stdout.o(.data) for __stdout
    printf7.o(i.__0snprintf$7) refers to printf7.o(i._printf_core) for _printf_core
    printf7.o(i.__0snprintf$7) refers to printf7.o(i._snputc) for _snputc
    printf7.o(i.__0sprintf$7) refers to printf7.o(i._printf_core) for _printf_core
    printf7.o(i.__0sprintf$7) refers to printf7.o(i._sputc) for _sputc
    printf7.o(i.__0vfprintf$7) refers to printf7.o(i._printf_core) for _printf_core
    printf7.o(i.__0vfprintf$7) refers to st7735.o(i.fputc) for fputc
    printf7.o(i.__0vprintf$7) refers to printf7.o(i._printf_core) for _printf_core
    printf7.o(i.__0vprintf$7) refers to st7735.o(i.fputc) for fputc
    printf7.o(i.__0vprintf$7) refers to stdout.o(.data) for __stdout
    printf7.o(i.__0vsnprintf$7) refers to printf7.o(i._printf_core) for _printf_core
    printf7.o(i.__0vsnprintf$7) refers to printf7.o(i._snputc) for _snputc
    printf7.o(i.__0vsprintf$7) refers to printf7.o(i._printf_core) for _printf_core
    printf7.o(i.__0vsprintf$7) refers to printf7.o(i._sputc) for _sputc
    printf7.o(i._printf_core) refers to printf7.o(i._printf_pre_padding) for _printf_pre_padding
    printf7.o(i._printf_core) refers to uldiv.o(.text) for __aeabi_uldivmod
    printf7.o(i._printf_core) refers to printf7.o(i._printf_post_padding) for _printf_post_padding
    printf8.o(i.__0fprintf$8) refers to printf8.o(i._printf_core) for _printf_core
    printf8.o(i.__0fprintf$8) refers to st7735.o(i.fputc) for fputc
    printf8.o(i.__0printf$8) refers to printf8.o(i._printf_core) for _printf_core
    printf8.o(i.__0printf$8) refers to st7735.o(i.fputc) for fputc
    printf8.o(i.__0printf$8) refers to stdout.o(.data) for __stdout
    printf8.o(i.__0snprintf$8) refers to printf8.o(i._printf_core) for _printf_core
    printf8.o(i.__0snprintf$8) refers to printf8.o(i._snputc) for _snputc
    printf8.o(i.__0sprintf$8) refers to printf8.o(i._printf_core) for _printf_core
    printf8.o(i.__0sprintf$8) refers to printf8.o(i._sputc) for _sputc
    printf8.o(i.__0vfprintf$8) refers to printf8.o(i._printf_core) for _printf_core
    printf8.o(i.__0vfprintf$8) refers to st7735.o(i.fputc) for fputc
    printf8.o(i.__0vprintf$8) refers to printf8.o(i._printf_core) for _printf_core
    printf8.o(i.__0vprintf$8) refers to st7735.o(i.fputc) for fputc
    printf8.o(i.__0vprintf$8) refers to stdout.o(.data) for __stdout
    printf8.o(i.__0vsnprintf$8) refers to printf8.o(i._printf_core) for _printf_core
    printf8.o(i.__0vsnprintf$8) refers to printf8.o(i._snputc) for _snputc
    printf8.o(i.__0vsprintf$8) refers to printf8.o(i._printf_core) for _printf_core
    printf8.o(i.__0vsprintf$8) refers to printf8.o(i._sputc) for _sputc
    printf8.o(i._printf_core) refers to printf8.o(i._printf_pre_padding) for _printf_pre_padding
    printf8.o(i._printf_core) refers to uldiv.o(.text) for __aeabi_uldivmod
    printf8.o(i._printf_core) refers to printf8.o(i._printf_post_padding) for _printf_post_padding
    printfa.o(i.__0fprintf) refers (Special) to iusefp.o(.text) for __I$use$fp
    printfa.o(i.__0fprintf) refers to printfa.o(i._printf_core) for _printf_core
    printfa.o(i.__0fprintf) refers to st7735.o(i.fputc) for fputc
    printfa.o(i.__0printf) refers (Special) to iusefp.o(.text) for __I$use$fp
    printfa.o(i.__0printf) refers to printfa.o(i._printf_core) for _printf_core
    printfa.o(i.__0printf) refers to st7735.o(i.fputc) for fputc
    printfa.o(i.__0printf) refers to stdout.o(.data) for __stdout
    printfa.o(i.__0snprintf) refers (Special) to iusefp.o(.text) for __I$use$fp
    printfa.o(i.__0snprintf) refers to printfa.o(i._printf_core) for _printf_core
    printfa.o(i.__0snprintf) refers to printfa.o(i._snputc) for _snputc
    printfa.o(i.__0sprintf) refers (Special) to iusefp.o(.text) for __I$use$fp
    printfa.o(i.__0sprintf) refers to printfa.o(i._printf_core) for _printf_core
    printfa.o(i.__0sprintf) refers to printfa.o(i._sputc) for _sputc
    printfa.o(i.__0vfprintf) refers (Special) to iusefp.o(.text) for __I$use$fp
    printfa.o(i.__0vfprintf) refers to printfa.o(i._printf_core) for _printf_core
    printfa.o(i.__0vfprintf) refers to st7735.o(i.fputc) for fputc
    printfa.o(i.__0vprintf) refers (Special) to iusefp.o(.text) for __I$use$fp
    printfa.o(i.__0vprintf) refers to printfa.o(i._printf_core) for _printf_core
    printfa.o(i.__0vprintf) refers to st7735.o(i.fputc) for fputc
    printfa.o(i.__0vprintf) refers to stdout.o(.data) for __stdout
    printfa.o(i.__0vsnprintf) refers (Special) to iusefp.o(.text) for __I$use$fp
    printfa.o(i.__0vsnprintf) refers to printfa.o(i._printf_core) for _printf_core
    printfa.o(i.__0vsnprintf) refers to printfa.o(i._snputc) for _snputc
    printfa.o(i.__0vsprintf) refers (Special) to iusefp.o(.text) for __I$use$fp
    printfa.o(i.__0vsprintf) refers to printfa.o(i._printf_core) for _printf_core
    printfa.o(i.__0vsprintf) refers to printfa.o(i._sputc) for _sputc
    printfa.o(i._fp_digits) refers (Special) to iusefp.o(.text) for __I$use$fp
    printfa.o(i._fp_digits) refers to dmul.o(.text) for __aeabi_dmul
    printfa.o(i._fp_digits) refers to ddiv.o(.text) for __aeabi_ddiv
    printfa.o(i._fp_digits) refers to cdrcmple.o(.text) for __aeabi_cdrcmple
    printfa.o(i._fp_digits) refers to dadd.o(.text) for __aeabi_dadd
    printfa.o(i._fp_digits) refers to dfixul.o(.text) for __aeabi_d2ulz
    printfa.o(i._fp_digits) refers to uldiv.o(.text) for __aeabi_uldivmod
    printfa.o(i._printf_core) refers (Special) to iusefp.o(.text) for __I$use$fp
    printfa.o(i._printf_core) refers to printfa.o(i._printf_pre_padding) for _printf_pre_padding
    printfa.o(i._printf_core) refers to uldiv.o(.text) for __aeabi_uldivmod
    printfa.o(i._printf_core) refers to printfa.o(i._printf_post_padding) for _printf_post_padding
    printfa.o(i._printf_core) refers to printfa.o(i._fp_digits) for _fp_digits
    printfa.o(i._printf_core) refers to uidiv.o(.text) for __aeabi_uidivmod
    printfa.o(i._printf_post_padding) refers (Special) to iusefp.o(.text) for __I$use$fp
    printfa.o(i._printf_pre_padding) refers (Special) to iusefp.o(.text) for __I$use$fp
    printfa.o(i._snputc) refers (Special) to iusefp.o(.text) for __I$use$fp
    printfa.o(i._sputc) refers (Special) to iusefp.o(.text) for __I$use$fp
    entry2.o(.ARM.Collect$$$$00000001) refers to entry2.o(.ARM.Collect$$$$00002712) for __lit__00000000
    entry2.o(.ARM.Collect$$$$00002712) refers to startup.o(STACK) for __initial_sp
    entry2.o(__vectab_stack_and_reset_area) refers to startup.o(STACK) for __initial_sp
    entry2.o(__vectab_stack_and_reset_area) refers to entry.o(.ARM.Collect$$$$00000000) for __main
    entry5.o(.ARM.Collect$$$$00000004) refers to init.o(.text) for __scatterload
    entry9a.o(.ARM.Collect$$$$0000000B) refers to game.o(i.main) for main
    entry9b.o(.ARM.Collect$$$$0000000C) refers to game.o(i.main) for main
    uldiv.o(.text) refers to llushr.o(.text) for __aeabi_llsr
    uldiv.o(.text) refers to llshl.o(.text) for __aeabi_llsl
    dadd.o(.text) refers to llshl.o(.text) for __aeabi_llsl
    dadd.o(.text) refers to llsshr.o(.text) for __aeabi_lasr
    dadd.o(.text) refers to depilogue.o(.text) for _double_epilogue
    dmul.o(.text) refers to depilogue.o(.text) for _double_epilogue
    ddiv.o(.text) refers to depilogue.o(.text) for _double_round
    dfixul.o(.text) refers to llushr.o(.text) for __aeabi_llsr
    dfixul.o(.text) refers to llshl.o(.text) for __aeabi_llsl
    init.o(.text) refers to entry5.o(.ARM.Collect$$$$00000004) for __main_after_scatterload
    depilogue.o(.text) refers to llshl.o(.text) for __aeabi_llsl
    depilogue.o(.text) refers to llushr.o(.text) for __aeabi_llsr


==============================================================================

Removing Unused input sections from the image.

    Removing startup.o(HEAP), (0 bytes).
    Removing st7735.o(i.Output_Clear), (10 bytes).
    Removing st7735.o(i.Output_Color), (12 bytes).
    Removing st7735.o(i.Output_Off), (8 bytes).
    Removing st7735.o(i.Output_On), (8 bytes).
    Removing st7735.o(i.ST7735_Color565), (24 bytes).
    Removing st7735.o(i.ST7735_DrawChar), (272 bytes).
    Removing st7735.o(i.ST7735_DrawFastHLine), (124 bytes).
    Removing st7735.o(i.ST7735_DrawFastVLine), (124 bytes).
    Removing st7735.o(i.ST7735_DrawString), (86 bytes).
    Removing st7735.o(i.ST7735_InitB), (40 bytes).
    Removing st7735.o(i.ST7735_InvertDisplay), (22 bytes).
    Removing st7735.o(i.ST7735_OutChar), (212 bytes).
    Removing st7735.o(i.ST7735_OutString), (24 bytes).
    Removing st7735.o(i.ST7735_OutUDec), (140 bytes).
    Removing st7735.o(i.ST7735_PlotBar), (88 bytes).
    Removing st7735.o(i.ST7735_PlotClear), (92 bytes).
    Removing st7735.o(i.ST7735_PlotLine), (264 bytes).
    Removing st7735.o(i.ST7735_PlotNext), (32 bytes).
    Removing st7735.o(i.ST7735_PlotNextErase), (64 bytes).
    Removing st7735.o(i.ST7735_PlotPoint), (152 bytes).
    Removing st7735.o(i.ST7735_PlotPoints), (172 bytes).
    Removing st7735.o(i.ST7735_PlotdBfs), (60 bytes).
    Removing st7735.o(i.ST7735_SetRotation), (212 bytes).
    Removing st7735.o(i.ST7735_SetTextColor), (12 bytes).
    Removing st7735.o(i.ST7735_SwapColor), (18 bytes).
    Removing st7735.o(i.ferror), (8 bytes).
    Removing st7735.o(i.fgetc), (6 bytes).
    Removing st7735.o(i.fillmessage), (72 bytes).
    Removing st7735.o(i.fputc), (16 bytes).
    Removing st7735.o(.bss), (12 bytes).
    Removing joystick.o(i.Joystick_Y), (40 bytes).
    Removing hud.o(i.Hud_Clear_All), (16 bytes).
    Removing hud.o(i.Hud_Clear_Lower), (10 bytes).
    Removing menu.o(i.SubMenu), (2 bytes).
    Removing menu.o(i.Text_Delay_10ms), (32 bytes).
    Removing dadd.o(.text), (334 bytes).
    Removing dmul.o(.text), (228 bytes).
    Removing ddiv.o(.text), (222 bytes).
    Removing dfixul.o(.text), (48 bytes).
    Removing cdrcmple.o(.text), (48 bytes).
    Removing depilogue.o(.text), (186 bytes).

42 unused section(s) (total 3552 bytes) removed from the image.

==============================================================================

Image Symbol Table

    Local Symbols

    Symbol Name                              Value     Ov Type        Size  Object(Section)

    RESET                                    0x00000000   Section      644  startup.o(RESET)
    ../clib/microlib/division.c              0x00000000   Number         0  uidiv.o ABSOLUTE
    ../clib/microlib/division.c              0x00000000   Number         0  uldiv.o ABSOLUTE
    ../clib/microlib/init/entry.s            0x00000000   Number         0  entry10a.o ABSOLUTE
    ../clib/microlib/init/entry.s            0x00000000   Number         0  entry2.o ABSOLUTE
    ../clib/microlib/init/entry.s            0x00000000   Number         0  entry9a.o ABSOLUTE
    ../clib/microlib/init/entry.s            0x00000000   Number         0  entry8b.o ABSOLUTE
    ../clib/microlib/init/entry.s            0x00000000   Number         0  entry8a.o ABSOLUTE
    ../clib/microlib/init/entry.s            0x00000000   Number         0  entry9b.o ABSOLUTE
    ../clib/microlib/init/entry.s            0x00000000   Number         0  entry7b.o ABSOLUTE
    ../clib/microlib/init/entry.s            0x00000000   Number         0  entry12b.o ABSOLUTE
    ../clib/microlib/init/entry.s            0x00000000   Number         0  entry12a.o ABSOLUTE
    ../clib/microlib/init/entry.s            0x00000000   Number         0  entry11b.o ABSOLUTE
    ../clib/microlib/init/entry.s            0x00000000   Number         0  entry7a.o ABSOLUTE
    ../clib/microlib/init/entry.s            0x00000000   Number         0  entry11a.o ABSOLUTE
    ../clib/microlib/init/entry.s            0x00000000   Number         0  entry10b.o ABSOLUTE
    ../clib/microlib/init/entry.s            0x00000000   Number         0  entry.o ABSOLUTE
    ../clib/microlib/init/entry.s            0x00000000   Number         0  entry5.o ABSOLUTE
    ../clib/microlib/longlong.c              0x00000000   Number         0  llsshr.o ABSOLUTE
    ../clib/microlib/longlong.c              0x00000000   Number         0  llushr.o ABSOLUTE
    ../clib/microlib/longlong.c              0x00000000   Number         0  llshl.o ABSOLUTE
    ../clib/microlib/printf/printf.c         0x00000000   Number         0  printf2.o ABSOLUTE
    ../clib/microlib/printf/printf.c         0x00000000   Number         0  printfb.o ABSOLUTE
    ../clib/microlib/printf/printf.c         0x00000000   Number         0  printf3.o ABSOLUTE
    ../clib/microlib/printf/printf.c         0x00000000   Number         0  printfa.o ABSOLUTE
    ../clib/microlib/printf/printf.c         0x00000000   Number         0  printf8.o ABSOLUTE
    ../clib/microlib/printf/printf.c         0x00000000   Number         0  printf7.o ABSOLUTE
    ../clib/microlib/printf/printf.c         0x00000000   Number         0  printf0.o ABSOLUTE
    ../clib/microlib/printf/printf.c         0x00000000   Number         0  printf1.o ABSOLUTE
    ../clib/microlib/printf/printf.c         0x00000000   Number         0  printf6.o ABSOLUTE
    ../clib/microlib/printf/printf.c         0x00000000   Number         0  printf5.o ABSOLUTE
    ../clib/microlib/printf/printf.c         0x00000000   Number         0  printf4.o ABSOLUTE
    ../clib/microlib/printf/stubs.s          0x00000000   Number         0  stubs.o ABSOLUTE
    ../clib/microlib/stdio/streams.c         0x00000000   Number         0  stdout.o ABSOLUTE
    ../clib/microlib/string/memcpy.c         0x00000000   Number         0  memcpya.o ABSOLUTE
    ../clib/microlib/string/memcpy.c         0x00000000   Number         0  memcpyb.o ABSOLUTE
    ../clib/microlib/string/strlen.c         0x00000000   Number         0  strlen.o ABSOLUTE
    ../clib/microlib/stubs.s                 0x00000000   Number         0  iusefp.o ABSOLUTE
    ../fplib/microlib/fpadd.c                0x00000000   Number         0  dadd.o ABSOLUTE
    ../fplib/microlib/fpdiv.c                0x00000000   Number         0  ddiv.o ABSOLUTE
    ../fplib/microlib/fpepilogue.c           0x00000000   Number         0  depilogue.o ABSOLUTE
    ../fplib/microlib/fpfix.c                0x00000000   Number         0  dfixul.o ABSOLUTE
    ../fplib/microlib/fpmul.c                0x00000000   Number         0  dmul.o ABSOLUTE
    Menu.c                                   0x00000000   Number         0  menu.o ABSOLUTE
    PLL.c                                    0x00000000   Number         0  pll.o ABSOLUTE
    ST7735.c                                 0x00000000   Number         0  st7735.o ABSOLUTE
    bitmaps.c                                0x00000000   Number         0  bitmaps.o ABSOLUTE
    cdrcmple.s                               0x00000000   Number         0  cdrcmple.o ABSOLUTE
    dc.s                                     0x00000000   Number         0  dc.o ABSOLUTE
    display_funcs.c                          0x00000000   Number         0  display_funcs.o ABSOLUTE
    game.c                                   0x00000000   Number         0  game.o ABSOLUTE
    game_task.c                              0x00000000   Number         0  game_task.o ABSOLUTE
    game_vars.c                              0x00000000   Number         0  game_vars.o ABSOLUTE
    handlers.s                               0x00000000   Number         0  handlers.o ABSOLUTE
    hud.c                                    0x00000000   Number         0  hud.o ABSOLUTE
    init.s                                   0x00000000   Number         0  init.o ABSOLUTE
    joystick.c                               0x00000000   Number         0  joystick.o ABSOLUTE
    random.s                                 0x00000000   Number         0  random.o ABSOLUTE
    startup.s                                0x00000000   Number         0  startup.o ABSOLUTE
    .ARM.Collect$$$$00000000                 0x00000284   Section        0  entry.o(.ARM.Collect$$$$00000000)
    .ARM.Collect$$$$00000001                 0x00000284   Section        4  entry2.o(.ARM.Collect$$$$00000001)
    .ARM.Collect$$$$00000004                 0x00000288   Section        4  entry5.o(.ARM.Collect$$$$00000004)
    .ARM.Collect$$$$00000008                 0x0000028c   Section        0  entry7b.o(.ARM.Collect$$$$00000008)
    .ARM.Collect$$$$0000000A                 0x0000028c   Section        0  entry8b.o(.ARM.Collect$$$$0000000A)
    .ARM.Collect$$$$0000000B                 0x0000028c   Section        8  entry9a.o(.ARM.Collect$$$$0000000B)
    .ARM.Collect$$$$0000000E                 0x00000294   Section        4  entry12b.o(.ARM.Collect$$$$0000000E)
    .ARM.Collect$$$$0000000F                 0x00000298   Section        0  entry10a.o(.ARM.Collect$$$$0000000F)
    .ARM.Collect$$$$00000011                 0x00000298   Section        0  entry11a.o(.ARM.Collect$$$$00000011)
    .ARM.Collect$$$$00002712                 0x00000298   Section        4  entry2.o(.ARM.Collect$$$$00002712)
    __lit__00000000                          0x00000298   Data           4  entry2.o(.ARM.Collect$$$$00002712)
    .text                                    0x0000029c   Section       28  startup.o(.text)
    .text                                    0x000002b8   Section       64  random.o(.text)
    .text                                    0x000002f8   Section        0  memcpya.o(.text)
    .text                                    0x0000031c   Section        0  strlen.o(.text)
    .text                                    0x0000032a   Section        0  uidiv.o(.text)
    .text                                    0x00000358   Section       36  init.o(.text)
    i.Clear                                  0x0000037c   Section        0  display_funcs.o(i.Clear)
    i.Delay1ms                               0x000003e4   Section        0  st7735.o(i.Delay1ms)
    i.DelayWait10ms                          0x00000404   Section        0  game.o(i.DelayWait10ms)
    i.Delay_10ms                             0x00000424   Section        0  display_funcs.o(i.Delay_10ms)
    i.Draw_Text                              0x00000444   Section        0  display_funcs.o(i.Draw_Text)
    i.Draw_Text_Delayed_10ms                 0x00000486   Section        0  display_funcs.o(i.Draw_Text_Delayed_10ms)
    i.Draw_White_Text                        0x000004ca   Section        0  display_funcs.o(i.Draw_White_Text)
    i.Draw_White_Text_Delayed_10ms           0x000004e6   Section        0  display_funcs.o(i.Draw_White_Text_Delayed_10ms)
    i.Enemy_Tally                            0x0000050c   Section        0  game_task.o(i.Enemy_Tally)
    i.GameDraw                               0x0000057c   Section        0  game.o(i.GameDraw)
    i.GameInit                               0x00000984   Section        0  game.o(i.GameInit)
    i.GameOver_Menu                          0x00000ca8   Section        0  menu.o(i.GameOver_Menu)
    i.Game_Move                              0x00000d30   Section        0  game_task.o(i.Game_Move)
    i.Game_Task_Init                         0x00000fb8   Section        0  game_task.o(i.Game_Task_Init)
    i.Hit_Detection                          0x00000ff4   Section        0  game_task.o(i.Hit_Detection)
    i.Hud_Clear_Upper                        0x00001338   Section        0  hud.o(i.Hud_Clear_Upper)
    i.Hud_Ingame                             0x00001344   Section        0  hud.o(i.Hud_Ingame)
    i.Hud_Menu                               0x000013f0   Section        0  hud.o(i.Hud_Menu)
    i.Joystick_Init                          0x00001470   Section        0  joystick.o(i.Joystick_Init)
    i.Joystick_SW                            0x000015b0   Section        0  joystick.o(i.Joystick_SW)
    i.Joystick_Update                        0x000015c4   Section        0  joystick.o(i.Joystick_Update)
    i.Joystick_X                             0x00001638   Section        0  joystick.o(i.Joystick_X)
    i.Level_Size                             0x00001660   Section        0  game_task.o(i.Level_Size)
    i.Menu                                   0x000016a8   Section        0  menu.o(i.Menu)
    i.Menu_Clear                             0x000016c6   Section        0  menu.o(i.Menu_Clear)
    i.Output_Init                            0x000016d0   Section        0  st7735.o(i.Output_Init)
    i.PLL_Init                               0x000016e0   Section        0  pll.o(i.PLL_Init)
    i.Player_Ship_Clear                      0x0000175c   Section        0  menu.o(i.Player_Ship_Clear)
    i.ST7735_DrawBitmap                      0x00001784   Section        0  st7735.o(i.ST7735_DrawBitmap)
    i.ST7735_DrawCharS                       0x000018a4   Section        0  st7735.o(i.ST7735_DrawCharS)
    i.ST7735_DrawPixel                       0x0000199c   Section        0  st7735.o(i.ST7735_DrawPixel)
    i.ST7735_FillRect                        0x000019e4   Section        0  st7735.o(i.ST7735_FillRect)
    i.ST7735_FillScreen                      0x00001a90   Section        0  st7735.o(i.ST7735_FillScreen)
    i.ST7735_InitR                           0x00001ab4   Section        0  st7735.o(i.ST7735_InitR)
    i.ST7735_SetCursor                       0x00001b30   Section        0  st7735.o(i.ST7735_SetCursor)
    i.Shoot_Enemy_Weapons                    0x00001b50   Section        0  game_task.o(i.Shoot_Enemy_Weapons)
    i.Shoot_SpaceShip_Laser                  0x00001c24   Section        0  game_task.o(i.Shoot_SpaceShip_Laser)
    i.Start_Menu                             0x00001c4c   Section        0  menu.o(i.Start_Menu)
    i.SubMenu_Clear                          0x00001d00   Section        0  menu.o(i.SubMenu_Clear)
    i.SysTick_Handler                        0x00001d0c   Section        0  game_task.o(i.SysTick_Handler)
    i.__0sprintf$1                           0x00001d34   Section        0  printf1.o(i.__0sprintf$1)
    i.__scatterload_copy                     0x00001d5c   Section       14  handlers.o(i.__scatterload_copy)
    i.__scatterload_null                     0x00001d6a   Section        2  handlers.o(i.__scatterload_null)
    i.__scatterload_zeroinit                 0x00001d6c   Section       14  handlers.o(i.__scatterload_zeroinit)
    i._printf_core                           0x00001d7c   Section        0  printf1.o(i._printf_core)
    _printf_core                             0x00001d7d   Thumb Code   336  printf1.o(i._printf_core)
    i._sputc                                 0x00001ed0   Section        0  printf1.o(i._sputc)
    _sputc                                   0x00001ed1   Thumb Code    10  printf1.o(i._sputc)
    i.commandList                            0x00001eda   Section        0  st7735.o(i.commandList)
    commandList                              0x00001edb   Thumb Code    86  st7735.o(i.commandList)
    i.commonInit                             0x00001f30   Section        0  st7735.o(i.commonInit)
    commonInit                               0x00001f31   Thumb Code   342  st7735.o(i.commonInit)
    i.main                                   0x000020b8   Section        0  game.o(i.main)
    i.pushColor                              0x000021e4   Section        0  st7735.o(i.pushColor)
    pushColor                                0x000021e5   Thumb Code    18  st7735.o(i.pushColor)
    i.setAddrWindow                          0x000021f8   Section        0  st7735.o(i.setAddrWindow)
    setAddrWindow                            0x000021f9   Thumb Code   106  st7735.o(i.setAddrWindow)
    i.writecommand                           0x0000226c   Section        0  st7735.o(i.writecommand)
    writecommand                             0x0000226d   Thumb Code    40  st7735.o(i.writecommand)
    i.writedata                              0x0000229c   Section        0  st7735.o(i.writedata)
    writedata                                0x0000229d   Thumb Code    26  st7735.o(i.writedata)
    .constdata                               0x000022c0   Section     2018  st7735.o(.constdata)
    Font                                     0x000022c0   Data        1275  st7735.o(.constdata)
    Bcmd                                     0x000027bb   Data         103  st7735.o(.constdata)
    Rcmd1                                    0x00002822   Data          59  st7735.o(.constdata)
    Rcmd2green                               0x0000285d   Data          13  st7735.o(.constdata)
    Rcmd2red                                 0x0000286a   Data          13  st7735.o(.constdata)
    Rcmd3                                    0x00002877   Data          43  st7735.o(.constdata)
    .constdata                               0x00002aa2   Section     6830  bitmaps.o(.constdata)
    .data                                    0x20000000   Section       44  st7735.o(.data)
    ColStart                                 0x2000000a   Data           1  st7735.o(.data)
    RowStart                                 0x2000000b   Data           1  st7735.o(.data)
    Rotation                                 0x2000000c   Data           1  st7735.o(.data)
    TabColor                                 0x2000000d   Data           1  st7735.o(.data)
    _width                                   0x2000000e   Data           2  st7735.o(.data)
    _height                                  0x20000010   Data           2  st7735.o(.data)
    .data                                    0x2000002c   Section        8  joystick.o(.data)
    .data                                    0x20000034   Section       44  game_vars.o(.data)
    .data                                    0x20000060   Section        8  game_task.o(.data)
    .data                                    0x20000068   Section        4  game.o(.data)
    DATA                                     0x2000006c   Section        4  random.o(DATA)
    M                                        0x2000006c   Data           4  random.o(DATA)
    .bss                                     0x20000070   Section     1600  game_vars.o(.bss)
    STACK                                    0x200006b0   Section     1024  startup.o(STACK)
    StackMem                                 0x200006b0   Data           0  startup.o(STACK)

    Global Symbols

    Symbol Name                              Value     Ov Type        Size  Object(Section)

    BuildAttributes$$THM_ISAv4$E$P$D$K$B$S$7EM$PE$A:L22UL41UL21$X:L11$S22US41US21$IEEE1$IW$USESV6$~STKCKD$USESV7$~SHL$OSPACE$ROPI$EBA8$MICROLIB$REQ8$PRES8$EABIv2 0x00000000   Number         0  anon$$obj.o ABSOLUTE
    __ARM_use_no_argv                        0x00000000   Number         0  game.o ABSOLUTE
    __Vectors                                0x00000000   Data           0  startup.o(RESET)
    _printf_a                                0x00000000   Number         0  stubs.o ABSOLUTE
    _printf_c                                0x00000000   Number         0  stubs.o ABSOLUTE
    _printf_charcount                        0x00000000   Number         0  stubs.o ABSOLUTE
    _printf_d                                0x00000000   Number         0  stubs.o ABSOLUTE
    _printf_e                                0x00000000   Number         0  stubs.o ABSOLUTE
    _printf_f                                0x00000000   Number         0  stubs.o ABSOLUTE
    _printf_flags                            0x00000000   Number         0  stubs.o ABSOLUTE
    _printf_fp_dec                           0x00000000   Number         0  stubs.o ABSOLUTE
    _printf_fp_hex                           0x00000000   Number         0  stubs.o ABSOLUTE
    _printf_g                                0x00000000   Number         0  stubs.o ABSOLUTE
    _printf_i                                0x00000000   Number         0  stubs.o ABSOLUTE
    _printf_int_dec                          0x00000000   Number         0  stubs.o ABSOLUTE
    _printf_l                                0x00000000   Number         0  stubs.o ABSOLUTE
    _printf_lc                               0x00000000   Number         0  stubs.o ABSOLUTE
    _printf_ll                               0x00000000   Number         0  stubs.o ABSOLUTE
    _printf_lld                              0x00000000   Number         0  stubs.o ABSOLUTE
    _printf_lli                              0x00000000   Number         0  stubs.o ABSOLUTE
    _printf_llo                              0x00000000   Number         0  stubs.o ABSOLUTE
    _printf_llu                              0x00000000   Number         0  stubs.o ABSOLUTE
    _printf_llx                              0x00000000   Number         0  stubs.o ABSOLUTE
    _printf_longlong_dec                     0x00000000   Number         0  stubs.o ABSOLUTE
    _printf_longlong_hex                     0x00000000   Number         0  stubs.o ABSOLUTE
    _printf_longlong_oct                     0x00000000   Number         0  stubs.o ABSOLUTE
    _printf_ls                               0x00000000   Number         0  stubs.o ABSOLUTE
    _printf_mbtowc                           0x00000000   Number         0  stubs.o ABSOLUTE
    _printf_n                                0x00000000   Number         0  stubs.o ABSOLUTE
    _printf_o                                0x00000000   Number         0  stubs.o ABSOLUTE
    _printf_p                                0x00000000   Number         0  stubs.o ABSOLUTE
    _printf_percent                          0x00000000   Number         0  stubs.o ABSOLUTE
    _printf_pre_padding                      0x00000000   Number         0  stubs.o ABSOLUTE
    _printf_return_value                     0x00000000   Number         0  stubs.o ABSOLUTE
    _printf_s                                0x00000000   Number         0  stubs.o ABSOLUTE
    _printf_sizespec                         0x00000000   Number         0  stubs.o ABSOLUTE
    _printf_str                              0x00000000   Number         0  stubs.o ABSOLUTE
    _printf_truncate_signed                  0x00000000   Number         0  stubs.o ABSOLUTE
    _printf_truncate_unsigned                0x00000000   Number         0  stubs.o ABSOLUTE
    _printf_u                                0x00000000   Number         0  stubs.o ABSOLUTE
    _printf_wc                               0x00000000   Number         0  stubs.o ABSOLUTE
    _printf_wctomb                           0x00000000   Number         0  stubs.o ABSOLUTE
    _printf_widthprec                        0x00000000   Number         0  stubs.o ABSOLUTE
    _printf_x                                0x00000000   Number         0  stubs.o ABSOLUTE
    __arm_fini_                               - Undefined Weak Reference
    __cpp_initialize__aeabi_                  - Undefined Weak Reference
    __cxa_finalize                            - Undefined Weak Reference
    __decompress                              - Undefined Weak Reference
    _clock_init                               - Undefined Weak Reference
    _microlib_exit                            - Undefined Weak Reference
    Reset_Handler                            0x0000026d   Thumb Code     0  startup.o(RESET)
    NMI_Handler                              0x00000271   Thumb Code     2  startup.o(RESET)
    HardFault_Handler                        0x00000273   Thumb Code     2  startup.o(RESET)
    MemManage_Handler                        0x00000275   Thumb Code     2  startup.o(RESET)
    BusFault_Handler                         0x00000277   Thumb Code     2  startup.o(RESET)
    UsageFault_Handler                       0x00000279   Thumb Code     2  startup.o(RESET)
    SVC_Handler                              0x0000027b   Thumb Code     2  startup.o(RESET)
    DebugMon_Handler                         0x0000027d   Thumb Code     2  startup.o(RESET)
    PendSV_Handler                           0x0000027f   Thumb Code     2  startup.o(RESET)
    ADC0Seq0_Handler                         0x00000283   Thumb Code     0  startup.o(RESET)
    ADC0Seq1_Handler                         0x00000283   Thumb Code     0  startup.o(RESET)
    ADC0Seq2_Handler                         0x00000283   Thumb Code     0  startup.o(RESET)
    ADC0Seq3_Handler                         0x00000283   Thumb Code     0  startup.o(RESET)
    ADC1Seq0_Handler                         0x00000283   Thumb Code     0  startup.o(RESET)
    ADC1Seq1_Handler                         0x00000283   Thumb Code     0  startup.o(RESET)
    ADC1Seq2_Handler                         0x00000283   Thumb Code     0  startup.o(RESET)
    ADC1Seq3_Handler                         0x00000283   Thumb Code     0  startup.o(RESET)
    CAN0_Handler                             0x00000283   Thumb Code     0  startup.o(RESET)
    CAN1_Handler                             0x00000283   Thumb Code     0  startup.o(RESET)
    CAN2_Handler                             0x00000283   Thumb Code     0  startup.o(RESET)
    Comp0_Handler                            0x00000283   Thumb Code     0  startup.o(RESET)
    Comp1_Handler                            0x00000283   Thumb Code     0  startup.o(RESET)
    Comp2_Handler                            0x00000283   Thumb Code     0  startup.o(RESET)
    Ethernet_Handler                         0x00000283   Thumb Code     0  startup.o(RESET)
    ExtBus_Handler                           0x00000283   Thumb Code     0  startup.o(RESET)
    FPU_Handler                              0x00000283   Thumb Code     0  startup.o(RESET)
    Fan0_Handler                             0x00000283   Thumb Code     0  startup.o(RESET)
    FlashCtl_Handler                         0x00000283   Thumb Code     0  startup.o(RESET)
    GPIOPortA_Handler                        0x00000283   Thumb Code     0  startup.o(RESET)
    GPIOPortB_Handler                        0x00000283   Thumb Code     0  startup.o(RESET)
    GPIOPortC_Handler                        0x00000283   Thumb Code     0  startup.o(RESET)
    GPIOPortD_Handler                        0x00000283   Thumb Code     0  startup.o(RESET)
    GPIOPortE_Handler                        0x00000283   Thumb Code     0  startup.o(RESET)
    GPIOPortF_Handler                        0x00000283   Thumb Code     0  startup.o(RESET)
    GPIOPortG_Handler                        0x00000283   Thumb Code     0  startup.o(RESET)
    GPIOPortH_Handler                        0x00000283   Thumb Code     0  startup.o(RESET)
    GPIOPortJ_Handler                        0x00000283   Thumb Code     0  startup.o(RESET)
    GPIOPortK_Handler                        0x00000283   Thumb Code     0  startup.o(RESET)
    GPIOPortL_Handler                        0x00000283   Thumb Code     0  startup.o(RESET)
    GPIOPortM_Handler                        0x00000283   Thumb Code     0  startup.o(RESET)
    GPIOPortN_Handler                        0x00000283   Thumb Code     0  startup.o(RESET)
    GPIOPortP1_Handler                       0x00000283   Thumb Code     0  startup.o(RESET)
    GPIOPortP2_Handler                       0x00000283   Thumb Code     0  startup.o(RESET)
    GPIOPortP3_Handler                       0x00000283   Thumb Code     0  startup.o(RESET)
    GPIOPortP4_Handler                       0x00000283   Thumb Code     0  startup.o(RESET)
    GPIOPortP5_Handler                       0x00000283   Thumb Code     0  startup.o(RESET)
    GPIOPortP6_Handler                       0x00000283   Thumb Code     0  startup.o(RESET)
    GPIOPortP7_Handler                       0x00000283   Thumb Code     0  startup.o(RESET)
    GPIOPortP_Handler                        0x00000283   Thumb Code     0  startup.o(RESET)
    GPIOPortQ1_Handler                       0x00000283   Thumb Code     0  startup.o(RESET)
    GPIOPortQ2_Handler                       0x00000283   Thumb Code     0  startup.o(RESET)
    GPIOPortQ3_Handler                       0x00000283   Thumb Code     0  startup.o(RESET)
    GPIOPortQ4_Handler                       0x00000283   Thumb Code     0  startup.o(RESET)
    GPIOPortQ5_Handler                       0x00000283   Thumb Code     0  startup.o(RESET)
    GPIOPortQ6_Handler                       0x00000283   Thumb Code     0  startup.o(RESET)
    GPIOPortQ7_Handler                       0x00000283   Thumb Code     0  startup.o(RESET)
    GPIOPortQ_Handler                        0x00000283   Thumb Code     0  startup.o(RESET)
    GPIOPortR_Handler                        0x00000283   Thumb Code     0  startup.o(RESET)
    GPIOPortS_Handler                        0x00000283   Thumb Code     0  startup.o(RESET)
    Hibernate_Handler                        0x00000283   Thumb Code     0  startup.o(RESET)
    I2C0_Handler                             0x00000283   Thumb Code     0  startup.o(RESET)
    I2C1_Handler                             0x00000283   Thumb Code     0  startup.o(RESET)
    I2C2_Handler                             0x00000283   Thumb Code     0  startup.o(RESET)
    I2C3_Handler                             0x00000283   Thumb Code     0  startup.o(RESET)
    I2C4_Handler                             0x00000283   Thumb Code     0  startup.o(RESET)
    I2C5_Handler                             0x00000283   Thumb Code     0  startup.o(RESET)
    I2S0_Handler                             0x00000283   Thumb Code     0  startup.o(RESET)
    LPC0_Handler                             0x00000283   Thumb Code     0  startup.o(RESET)
    PECI0_Handler                            0x00000283   Thumb Code     0  startup.o(RESET)
    PWM0Fault_Handler                        0x00000283   Thumb Code     0  startup.o(RESET)
    PWM0Generator0_Handler                   0x00000283   Thumb Code     0  startup.o(RESET)
    PWM0Generator1_Handler                   0x00000283   Thumb Code     0  startup.o(RESET)
    PWM0Generator2_Handler                   0x00000283   Thumb Code     0  startup.o(RESET)
    PWM0Generator3_Handler                   0x00000283   Thumb Code     0  startup.o(RESET)
    PWM1Fault_Handler                        0x00000283   Thumb Code     0  startup.o(RESET)
    PWM1Generator0_Handler                   0x00000283   Thumb Code     0  startup.o(RESET)
    PWM1Generator1_Handler                   0x00000283   Thumb Code     0  startup.o(RESET)
    PWM1Generator2_Handler                   0x00000283   Thumb Code     0  startup.o(RESET)
    PWM1Generator3_Handler                   0x00000283   Thumb Code     0  startup.o(RESET)
    Quadrature0_Handler                      0x00000283   Thumb Code     0  startup.o(RESET)
    Quadrature1_Handler                      0x00000283   Thumb Code     0  startup.o(RESET)
    Quadrature2_Handler                      0x00000283   Thumb Code     0  startup.o(RESET)
    SSI0_Handler                             0x00000283   Thumb Code     0  startup.o(RESET)
    SSI1_Handler                             0x00000283   Thumb Code     0  startup.o(RESET)
    SSI2_Handler                             0x00000283   Thumb Code     0  startup.o(RESET)
    SSI3_Handler                             0x00000283   Thumb Code     0  startup.o(RESET)
    SysCtl_Handler                           0x00000283   Thumb Code     0  startup.o(RESET)
    Timer0A_Handler                          0x00000283   Thumb Code     0  startup.o(RESET)
    Timer0B_Handler                          0x00000283   Thumb Code     0  startup.o(RESET)
    Timer1A_Handler                          0x00000283   Thumb Code     0  startup.o(RESET)
    Timer1B_Handler                          0x00000283   Thumb Code     0  startup.o(RESET)
    Timer2A_Handler                          0x00000283   Thumb Code     0  startup.o(RESET)
    Timer2B_Handler                          0x00000283   Thumb Code     0  startup.o(RESET)
    Timer3A_Handler                          0x00000283   Thumb Code     0  startup.o(RESET)
    Timer3B_Handler                          0x00000283   Thumb Code     0  startup.o(RESET)
    Timer4A_Handler                          0x00000283   Thumb Code     0  startup.o(RESET)
    Timer4B_Handler                          0x00000283   Thumb Code     0  startup.o(RESET)
    Timer5A_Handler                          0x00000283   Thumb Code     0  startup.o(RESET)
    Timer5B_Handler                          0x00000283   Thumb Code     0  startup.o(RESET)
    UART0_Handler                            0x00000283   Thumb Code     0  startup.o(RESET)
    UART1_Handler                            0x00000283   Thumb Code     0  startup.o(RESET)
    UART2_Handler                            0x00000283   Thumb Code     0  startup.o(RESET)
    UART3_Handler                            0x00000283   Thumb Code     0  startup.o(RESET)
    UART4_Handler                            0x00000283   Thumb Code     0  startup.o(RESET)
    UART5_Handler                            0x00000283   Thumb Code     0  startup.o(RESET)
    UART6_Handler                            0x00000283   Thumb Code     0  startup.o(RESET)
    UART7_Handler                            0x00000283   Thumb Code     0  startup.o(RESET)
    USB0_Handler                             0x00000283   Thumb Code     0  startup.o(RESET)
    WDT_Handler                              0x00000283   Thumb Code     0  startup.o(RESET)
    WideTimer0A_Handler                      0x00000283   Thumb Code     0  startup.o(RESET)
    WideTimer0B_Handler                      0x00000283   Thumb Code     0  startup.o(RESET)
    WideTimer1A_Handler                      0x00000283   Thumb Code     0  startup.o(RESET)
    WideTimer1B_Handler                      0x00000283   Thumb Code     0  startup.o(RESET)
    WideTimer2A_Handler                      0x00000283   Thumb Code     0  startup.o(RESET)
    WideTimer2B_Handler                      0x00000283   Thumb Code     0  startup.o(RESET)
    WideTimer3A_Handler                      0x00000283   Thumb Code     0  startup.o(RESET)
    WideTimer3B_Handler                      0x00000283   Thumb Code     0  startup.o(RESET)
    WideTimer4A_Handler                      0x00000283   Thumb Code     0  startup.o(RESET)
    WideTimer4B_Handler                      0x00000283   Thumb Code     0  startup.o(RESET)
    WideTimer5A_Handler                      0x00000283   Thumb Code     0  startup.o(RESET)
    WideTimer5B_Handler                      0x00000283   Thumb Code     0  startup.o(RESET)
    uDMA_Error                               0x00000283   Thumb Code     0  startup.o(RESET)
    uDMA_Handler                             0x00000283   Thumb Code     0  startup.o(RESET)
    __main                                   0x00000285   Thumb Code     0  entry.o(.ARM.Collect$$$$00000000)
    _main_stk                                0x00000285   Thumb Code     0  entry2.o(.ARM.Collect$$$$00000001)
    _main_scatterload                        0x00000289   Thumb Code     0  entry5.o(.ARM.Collect$$$$00000004)
    __main_after_scatterload                 0x0000028d   Thumb Code     0  entry5.o(.ARM.Collect$$$$00000004)
    _main_clock                              0x0000028d   Thumb Code     0  entry7b.o(.ARM.Collect$$$$00000008)
    _main_cpp_init                           0x0000028d   Thumb Code     0  entry8b.o(.ARM.Collect$$$$0000000A)
    _main_init                               0x0000028d   Thumb Code     0  entry9a.o(.ARM.Collect$$$$0000000B)
    __rt_lib_shutdown_fini                   0x00000295   Thumb Code     0  entry12b.o(.ARM.Collect$$$$0000000E)
    __rt_final_cpp                           0x00000299   Thumb Code     0  entry10a.o(.ARM.Collect$$$$0000000F)
    __rt_final_exit                          0x00000299   Thumb Code     0  entry11a.o(.ARM.Collect$$$$00000011)
    DisableInterrupts                        0x0000029d   Thumb Code     0  startup.o(.text)
    EnableInterrupts                         0x000002a1   Thumb Code     0  startup.o(.text)
    StartCritical                            0x000002a5   Thumb Code     0  startup.o(.text)
    EndCritical                              0x000002ad   Thumb Code     0  startup.o(.text)
    WaitForInterrupt                         0x000002b3   Thumb Code     0  startup.o(.text)
    Random_Init                              0x000002b9   Thumb Code     0  random.o(.text)
    Random32                                 0x000002c3   Thumb Code     2  random.o(.text)
    Random                                   0x000002d5   Thumb Code     2  random.o(.text)
    __aeabi_memcpy                           0x000002f9   Thumb Code    36  memcpya.o(.text)
    __aeabi_memcpy4                          0x000002f9   Thumb Code     0  memcpya.o(.text)
    __aeabi_memcpy8                          0x000002f9   Thumb Code     0  memcpya.o(.text)
    strlen                                   0x0000031d   Thumb Code    14  strlen.o(.text)
    __aeabi_uidiv                            0x0000032b   Thumb Code     0  uidiv.o(.text)
    __aeabi_uidivmod                         0x0000032b   Thumb Code    44  uidiv.o(.text)
    __scatterload                            0x00000359   Thumb Code    28  init.o(.text)
    __scatterload_rt2                        0x00000359   Thumb Code     0  init.o(.text)
    Clear                                    0x0000037d   Thumb Code   104  display_funcs.o(i.Clear)
    Delay1ms                                 0x000003e5   Thumb Code    32  st7735.o(i.Delay1ms)
    DelayWait10ms                            0x00000405   Thumb Code    32  game.o(i.DelayWait10ms)
    Delay_10ms                               0x00000425   Thumb Code    32  display_funcs.o(i.Delay_10ms)
    Draw_Text                                0x00000445   Thumb Code    66  display_funcs.o(i.Draw_Text)
    Draw_Text_Delayed_10ms                   0x00000487   Thumb Code    68  display_funcs.o(i.Draw_Text_Delayed_10ms)
    Draw_White_Text                          0x000004cb   Thumb Code    28  display_funcs.o(i.Draw_White_Text)
    Draw_White_Text_Delayed_10ms             0x000004e7   Thumb Code    36  display_funcs.o(i.Draw_White_Text_Delayed_10ms)
    Enemy_Tally                              0x0000050d   Thumb Code    90  game_task.o(i.Enemy_Tally)
    GameDraw                                 0x0000057d   Thumb Code   994  game.o(i.GameDraw)
    GameInit                                 0x00000985   Thumb Code   698  game.o(i.GameInit)
    GameOver_Menu                            0x00000ca9   Thumb Code   108  menu.o(i.GameOver_Menu)
    Game_Move                                0x00000d31   Thumb Code   614  game_task.o(i.Game_Move)
    Game_Task_Init                           0x00000fb9   Thumb Code    52  game_task.o(i.Game_Task_Init)
    Hit_Detection                            0x00000ff5   Thumb Code   792  game_task.o(i.Hit_Detection)
    Hud_Clear_Upper                          0x00001339   Thumb Code    10  hud.o(i.Hud_Clear_Upper)
    Hud_Ingame                               0x00001345   Thumb Code   158  hud.o(i.Hud_Ingame)
    Hud_Menu                                 0x000013f1   Thumb Code   100  hud.o(i.Hud_Menu)
    Joystick_Init                            0x00001471   Thumb Code   296  joystick.o(i.Joystick_Init)
    Joystick_SW                              0x000015b1   Thumb Code    14  joystick.o(i.Joystick_SW)
    Joystick_Update                          0x000015c5   Thumb Code    98  joystick.o(i.Joystick_Update)
    Joystick_X                               0x00001639   Thumb Code    34  joystick.o(i.Joystick_X)
    Level_Size                               0x00001661   Thumb Code    60  game_task.o(i.Level_Size)
    Menu                                     0x000016a9   Thumb Code    30  menu.o(i.Menu)
    Menu_Clear                               0x000016c7   Thumb Code    10  menu.o(i.Menu_Clear)
    Output_Init                              0x000016d1   Thumb Code    16  st7735.o(i.Output_Init)
    PLL_Init                                 0x000016e1   Thumb Code   120  pll.o(i.PLL_Init)
    Player_Ship_Clear                        0x0000175d   Thumb Code    36  menu.o(i.Player_Ship_Clear)
    ST7735_DrawBitmap                        0x00001785   Thumb Code   280  st7735.o(i.ST7735_DrawBitmap)
    ST7735_DrawCharS                         0x000018a5   Thumb Code   236  st7735.o(i.ST7735_DrawCharS)
    ST7735_DrawPixel                         0x0000199d   Thumb Code    64  st7735.o(i.ST7735_DrawPixel)
    ST7735_FillRect                          0x000019e5   Thumb Code   164  st7735.o(i.ST7735_FillRect)
    ST7735_FillScreen                        0x00001a91   Thumb Code    28  st7735.o(i.ST7735_FillScreen)
    ST7735_InitR                             0x00001ab5   Thumb Code    90  st7735.o(i.ST7735_InitR)
    ST7735_SetCursor                         0x00001b31   Thumb Code    22  st7735.o(i.ST7735_SetCursor)
    Shoot_Enemy_Weapons                      0x00001b51   Thumb Code   190  game_task.o(i.Shoot_Enemy_Weapons)
    Shoot_SpaceShip_Laser                    0x00001c25   Thumb Code    32  game_task.o(i.Shoot_SpaceShip_Laser)
    Start_Menu                               0x00001c4d   Thumb Code   140  menu.o(i.Start_Menu)
    SubMenu_Clear                            0x00001d01   Thumb Code    10  menu.o(i.SubMenu_Clear)
    SysTick_Handler                          0x00001d0d   Thumb Code    34  game_task.o(i.SysTick_Handler)
    __0sprintf$1                             0x00001d35   Thumb Code    34  printf1.o(i.__0sprintf$1)
    __1sprintf$1                             0x00001d35   Thumb Code     0  printf1.o(i.__0sprintf$1)
    __2sprintf                               0x00001d35   Thumb Code     0  printf1.o(i.__0sprintf$1)
    __scatterload_copy                       0x00001d5d   Thumb Code    14  handlers.o(i.__scatterload_copy)
    __scatterload_null                       0x00001d6b   Thumb Code     2  handlers.o(i.__scatterload_null)
    __scatterload_zeroinit                   0x00001d6d   Thumb Code    14  handlers.o(i.__scatterload_zeroinit)
    main                                     0x000020b9   Thumb Code   270  game.o(i.main)
    dBfs                                     0x000028a2   Data         512  st7735.o(.constdata)
    BlackEnemy                               0x00002aa2   Data         320  bitmaps.o(.constdata)
    BlackLaser                               0x00002be2   Data          72  bitmaps.o(.constdata)
    SmallEnemy10pointA                       0x00002c2a   Data         320  bitmaps.o(.constdata)
    SmallEnemyBlueWhite                      0x00002d6a   Data         320  bitmaps.o(.constdata)
    SmallEnemy10pointB                       0x00002eaa   Data         320  bitmaps.o(.constdata)
    SmallEnemy10pointBWhite                  0x00002fea   Data         320  bitmaps.o(.constdata)
    SmallEnemy20pointA                       0x0000312a   Data         320  bitmaps.o(.constdata)
    SmallEnemy20pointB                       0x0000326a   Data         320  bitmaps.o(.constdata)
    SmallEnemy30pointA                       0x000033aa   Data         320  bitmaps.o(.constdata)
    SmallEnemy30pointB                       0x000034ea   Data         320  bitmaps.o(.constdata)
    PlayerShip0                              0x0000362a   Data         288  bitmaps.o(.constdata)
    PlayerShip1                              0x0000374a   Data         288  bitmaps.o(.constdata)
    ship6                                    0x0000386a   Data         608  bitmaps.o(.constdata)
    Bunker0                                  0x00003aca   Data         180  bitmaps.o(.constdata)
    Bunker1                                  0x00003b7e   Data         180  bitmaps.o(.constdata)
    Bunker2                                  0x00003c32   Data         180  bitmaps.o(.constdata)
    Bunker3                                  0x00003ce6   Data         180  bitmaps.o(.constdata)
    Laser0                                   0x00003d9a   Data          44  bitmaps.o(.constdata)
    Enemy_Laser0                             0x00003dc6   Data          36  bitmaps.o(.constdata)
    Laser1                                   0x00003dea   Data          44  bitmaps.o(.constdata)
    Enemy_Laser1                             0x00003e16   Data          36  bitmaps.o(.constdata)
    Laser2                                   0x00003e3a   Data          72  bitmaps.o(.constdata)
    BigExplosion0                            0x00003e82   Data         288  bitmaps.o(.constdata)
    BigExplosion1                            0x00003fa2   Data         288  bitmaps.o(.constdata)
    SmallExplosion0                          0x000040c2   Data         320  bitmaps.o(.constdata)
    SmallExplosion1                          0x00004202   Data         320  bitmaps.o(.constdata)
    Missile0Old                              0x00004342   Data         310  bitmaps.o(.constdata)
    Missile0                                 0x00004478   Data          72  bitmaps.o(.constdata)
    Missile1                                 0x000044c0   Data          72  bitmaps.o(.constdata)
    Missile2                                 0x00004508   Data          72  bitmaps.o(.constdata)
    Region$$Table$$Base                      0x00004550   Number         0  anon$$obj.o(Region$$Table)
    Region$$Table$$Limit                     0x00004570   Number         0  anon$$obj.o(Region$$Table)
    StX                                      0x20000000   Data           4  st7735.o(.data)
    StY                                      0x20000004   Data           4  st7735.o(.data)
    StTextColor                              0x20000008   Data           2  st7735.o(.data)
    Messageindex                             0x20000014   Data           4  st7735.o(.data)
    Ymax                                     0x20000018   Data           4  st7735.o(.data)
    Ymin                                     0x2000001c   Data           4  st7735.o(.data)
    X                                        0x20000020   Data           4  st7735.o(.data)
    Yrange                                   0x20000024   Data           4  st7735.o(.data)
    lastj                                    0x20000028   Data           4  st7735.o(.data)
    adc_x                                    0x2000002c   Data           4  joystick.o(.data)
    adc_y                                    0x20000030   Data           4  joystick.o(.data)
    score                                    0x20000034   Data           4  game_vars.o(.data)
    highscore                                0x20000038   Data           4  game_vars.o(.data)
    lives                                    0x2000003c   Data           4  game_vars.o(.data)
    level                                    0x20000040   Data           4  game_vars.o(.data)
    enemy_tally                              0x20000044   Data           4  game_vars.o(.data)
    i_bound                                  0x20000048   Data           4  game_vars.o(.data)
    j_bound                                  0x2000004c   Data           4  game_vars.o(.data)
    Flag                                     0x20000050   Data           4  game_vars.o(.data)
    Anyalive                                 0x20000054   Data           4  game_vars.o(.data)
    game_proc_finished                       0x20000058   Data           4  game_vars.o(.data)
    game_status                              0x2000005c   Data           4  game_vars.o(.data)
    FR_30_HZ                                 0x20000060   Data           4  game_task.o(.data)
    FR_60_HZ                                 0x20000064   Data           4  game_task.o(.data)
    FrameCount                               0x20000068   Data           4  game.o(.data)
    Enemy                                    0x20000070   Data        1152  game_vars.o(.bss)
    Enemy_Missile                            0x200004f0   Data          64  game_vars.o(.bss)
    Enemy_Laser                              0x20000530   Data          64  game_vars.o(.bss)
    SpaceShip                                0x20000570   Data          64  game_vars.o(.bss)
    SpaceShip_Laser                          0x200005b0   Data          64  game_vars.o(.bss)
    Bunker                                   0x200005f0   Data         192  game_vars.o(.bss)
    __initial_sp                             0x20000ab0   Data           0  startup.o(STACK)



==============================================================================

Memory Map of the image

  Image Entry point : 0x0000026d

  Load Region LR_1 (Base: 0x00000000, Size: 0x000045e0, Max: 0xffffffff, ABSOLUTE)

    Execution Region ER_RO (Exec base: 0x00000000, Load base: 0x00000000, Size: 0x00004570, Max: 0xffffffff, ABSOLUTE)

    Exec Addr    Load Addr    Size         Type   Attr      Idx    E Section Name        Object

    0x00000000   0x00000000   0x00000284   Code   RO            3  * RESET               startup.o
    0x00000284   0x00000284   0x00000000   Code   RO          645  * .ARM.Collect$$$$00000000  mc_w.l(entry.o)
    0x00000284   0x00000284   0x00000004   Code   RO          915    .ARM.Collect$$$$00000001  mc_w.l(entry2.o)
    0x00000288   0x00000288   0x00000004   Code   RO          918    .ARM.Collect$$$$00000004  mc_w.l(entry5.o)
    0x0000028c   0x0000028c   0x00000000   Code   RO          920    .ARM.Collect$$$$00000008  mc_w.l(entry7b.o)
    0x0000028c   0x0000028c   0x00000000   Code   RO          922    .ARM.Collect$$$$0000000A  mc_w.l(entry8b.o)
    0x0000028c   0x0000028c   0x00000008   Code   RO          923    .ARM.Collect$$$$0000000B  mc_w.l(entry9a.o)
    0x00000294   0x00000294   0x00000004   Code   RO          930    .ARM.Collect$$$$0000000E  mc_w.l(entry12b.o)
    0x00000298   0x00000298   0x00000000   Code   RO          925    .ARM.Collect$$$$0000000F  mc_w.l(entry10a.o)
    0x00000298   0x00000298   0x00000000   Code   RO          927    .ARM.Collect$$$$00000011  mc_w.l(entry11a.o)
    0x00000298   0x00000298   0x00000004   Code   RO          916    .ARM.Collect$$$$00002712  mc_w.l(entry2.o)
    0x0000029c   0x0000029c   0x0000001c   Code   RO            4    .text               startup.o
    0x000002b8   0x000002b8   0x00000040   Code   RO          533    .text               random.o
    0x000002f8   0x000002f8   0x00000024   Code   RO          648    .text               mc_w.l(memcpya.o)
    0x0000031c   0x0000031c   0x0000000e   Code   RO          650    .text               mc_w.l(strlen.o)
    0x0000032a   0x0000032a   0x0000002c   Code   RO          932    .text               mc_w.l(uidiv.o)
    0x00000356   0x00000356   0x00000002   PAD
    0x00000358   0x00000358   0x00000024   Code   RO          947    .text               mc_w.l(init.o)
    0x0000037c   0x0000037c   0x00000068   Code   RO          490    i.Clear             display_funcs.o
    0x000003e4   0x000003e4   0x00000020   Code   RO           34    i.Delay1ms          st7735.o
    0x00000404   0x00000404   0x00000020   Code   RO          609    i.DelayWait10ms     game.o
    0x00000424   0x00000424   0x00000020   Code   RO          491    i.Delay_10ms        display_funcs.o
    0x00000444   0x00000444   0x00000042   Code   RO          492    i.Draw_Text         display_funcs.o
    0x00000486   0x00000486   0x00000044   Code   RO          493    i.Draw_Text_Delayed_10ms  display_funcs.o
    0x000004ca   0x000004ca   0x0000001c   Code   RO          494    i.Draw_White_Text   display_funcs.o
    0x000004e6   0x000004e6   0x00000024   Code   RO          495    i.Draw_White_Text_Delayed_10ms  display_funcs.o
    0x0000050a   0x0000050a   0x00000002   PAD
    0x0000050c   0x0000050c   0x00000070   Code   RO          549    i.Enemy_Tally       game_task.o
    0x0000057c   0x0000057c   0x00000408   Code   RO          610    i.GameDraw          game.o
    0x00000984   0x00000984   0x00000324   Code   RO          611    i.GameInit          game.o
    0x00000ca8   0x00000ca8   0x00000088   Code   RO          423    i.GameOver_Menu     menu.o
    0x00000d30   0x00000d30   0x00000288   Code   RO          550    i.Game_Move         game_task.o
    0x00000fb8   0x00000fb8   0x0000003c   Code   RO          551    i.Game_Task_Init    game_task.o
    0x00000ff4   0x00000ff4   0x00000344   Code   RO          552    i.Hit_Detection     game_task.o
    0x00001338   0x00001338   0x0000000a   Code   RO          369    i.Hud_Clear_Upper   hud.o
    0x00001342   0x00001342   0x00000002   PAD
    0x00001344   0x00001344   0x000000ac   Code   RO          370    i.Hud_Ingame        hud.o
    0x000013f0   0x000013f0   0x00000080   Code   RO          371    i.Hud_Menu          hud.o
    0x00001470   0x00001470   0x00000140   Code   RO          310    i.Joystick_Init     joystick.o
    0x000015b0   0x000015b0   0x00000014   Code   RO          311    i.Joystick_SW       joystick.o
    0x000015c4   0x000015c4   0x00000074   Code   RO          312    i.Joystick_Update   joystick.o
    0x00001638   0x00001638   0x00000028   Code   RO          313    i.Joystick_X        joystick.o
    0x00001660   0x00001660   0x00000048   Code   RO          553    i.Level_Size        game_task.o
    0x000016a8   0x000016a8   0x0000001e   Code   RO          424    i.Menu              menu.o
    0x000016c6   0x000016c6   0x0000000a   Code   RO          425    i.Menu_Clear        menu.o
    0x000016d0   0x000016d0   0x00000010   Code   RO           37    i.Output_Init       st7735.o
    0x000016e0   0x000016e0   0x0000007c   Code   RO           12    i.PLL_Init          pll.o
    0x0000175c   0x0000175c   0x00000028   Code   RO          426    i.Player_Ship_Clear  menu.o
    0x00001784   0x00001784   0x00000120   Code   RO           41    i.ST7735_DrawBitmap  st7735.o
    0x000018a4   0x000018a4   0x000000f8   Code   RO           43    i.ST7735_DrawCharS  st7735.o
    0x0000199c   0x0000199c   0x00000048   Code   RO           46    i.ST7735_DrawPixel  st7735.o
    0x000019e4   0x000019e4   0x000000ac   Code   RO           48    i.ST7735_FillRect   st7735.o
    0x00001a90   0x00001a90   0x00000024   Code   RO           49    i.ST7735_FillScreen  st7735.o
    0x00001ab4   0x00001ab4   0x0000007c   Code   RO           51    i.ST7735_InitR      st7735.o
    0x00001b30   0x00001b30   0x00000020   Code   RO           64    i.ST7735_SetCursor  st7735.o
    0x00001b50   0x00001b50   0x000000d4   Code   RO          554    i.Shoot_Enemy_Weapons  game_task.o
    0x00001c24   0x00001c24   0x00000028   Code   RO          555    i.Shoot_SpaceShip_Laser  game_task.o
    0x00001c4c   0x00001c4c   0x000000b4   Code   RO          427    i.Start_Menu        menu.o
    0x00001d00   0x00001d00   0x0000000a   Code   RO          429    i.SubMenu_Clear     menu.o
    0x00001d0a   0x00001d0a   0x00000002   PAD
    0x00001d0c   0x00001d0c   0x00000028   Code   RO          556    i.SysTick_Handler   game_task.o
    0x00001d34   0x00001d34   0x00000028   Code   RO          701    i.__0sprintf$1      mc_w.l(printf1.o)
    0x00001d5c   0x00001d5c   0x0000000e   Code   RO          959    i.__scatterload_copy  mc_w.l(handlers.o)
    0x00001d6a   0x00001d6a   0x00000002   Code   RO          960    i.__scatterload_null  mc_w.l(handlers.o)
    0x00001d6c   0x00001d6c   0x0000000e   Code   RO          961    i.__scatterload_zeroinit  mc_w.l(handlers.o)
    0x00001d7a   0x00001d7a   0x00000002   PAD
    0x00001d7c   0x00001d7c   0x00000154   Code   RO          706    i._printf_core      mc_w.l(printf1.o)
    0x00001ed0   0x00001ed0   0x0000000a   Code   RO          708    i._sputc            mc_w.l(printf1.o)
    0x00001eda   0x00001eda   0x00000056   Code   RO           68    i.commandList       st7735.o
    0x00001f30   0x00001f30   0x00000188   Code   RO           69    i.commonInit        st7735.o
    0x000020b8   0x000020b8   0x0000012c   Code   RO          612    i.main              game.o
    0x000021e4   0x000021e4   0x00000012   Code   RO           74    i.pushColor         st7735.o
    0x000021f6   0x000021f6   0x00000002   PAD
    0x000021f8   0x000021f8   0x00000074   Code   RO           75    i.setAddrWindow     st7735.o
    0x0000226c   0x0000226c   0x00000030   Code   RO           76    i.writecommand      st7735.o
    0x0000229c   0x0000229c   0x00000024   Code   RO           77    i.writedata         st7735.o
    0x000022c0   0x000022c0   0x000007e2   Data   RO           79    .constdata          st7735.o
    0x00002aa2   0x00002aa2   0x00001aae   Data   RO          355    .constdata          bitmaps.o
    0x00004550   0x00004550   0x00000020   Data   RO          957    Region$$Table       anon$$obj.o


    Execution Region ER_RW (Exec base: 0x20000000, Load base: 0x00004570, Size: 0x00000070, Max: 0xffffffff, ABSOLUTE)

    Exec Addr    Load Addr    Size         Type   Attr      Idx    E Section Name        Object

    0x20000000   0x00004570   0x0000002c   Data   RW           80    .data               st7735.o
    0x2000002c   0x0000459c   0x00000008   Data   RW          315    .data               joystick.o
    0x20000034   0x000045a4   0x0000002c   Data   RW          537    .data               game_vars.o
    0x20000060   0x000045d0   0x00000008   Data   RW          557    .data               game_task.o
    0x20000068   0x000045d8   0x00000004   Data   RW          613    .data               game.o
    0x2000006c   0x000045dc   0x00000004   Data   RW          532    DATA                random.o


    Execution Region ER_ZI (Exec base: 0x20000070, Load base: 0x000045e0, Size: 0x00000a40, Max: 0xffffffff, ABSOLUTE)

    Exec Addr    Load Addr    Size         Type   Attr      Idx    E Section Name        Object

    0x20000070        -       0x00000640   Zero   RW          536    .bss                game_vars.o
    0x200006b0        -       0x00000400   Zero   RW            1    STACK               startup.o


==============================================================================

Image component sizes


      Code (inc. data)   RO Data    RW Data    ZI Data      Debug   Object Name

         0          0       6830          0          0       2034   bitmaps.o
       334          0          0          0          0       4287   display_funcs.o
      2168        174          0          4          0       3682   game.o
      2020        156          0          8          0       6208   game_task.o
         0          0          0         44       1600       1764   game_vars.o
       310         42          0          0          0       2010   hud.o
       496         54          0          8          0       2119   joystick.o
       406         72          0          0          0       4123   menu.o
       124          4          0          0          0       4943   pll.o
        64         14          0          4          0        260   random.o
      1716        166       2018         44          0      13132   st7735.o
       672        622          0          0       1024       1012   startup.o

    ----------------------------------------------------------------------
      8318       1304       8880        112       2624      45574   Object Totals
         0          0         32          0          0          0   (incl. Generated)
         8          0          0          0          0          0   (incl. Padding)

    ----------------------------------------------------------------------

      Code (inc. data)   RO Data    RW Data    ZI Data      Debug   Library Member Name

         0          0          0          0          0          0   entry.o
         0          0          0          0          0          0   entry10a.o
         0          0          0          0          0          0   entry11a.o
         4          0          0          0          0          0   entry12b.o
         8          4          0          0          0          0   entry2.o
         4          0          0          0          0          0   entry5.o
         0          0          0          0          0          0   entry7b.o
         0          0          0          0          0          0   entry8b.o
         8          4          0          0          0          0   entry9a.o
        30          0          0          0          0          0   handlers.o
        36          8          0          0          0         68   init.o
        36          0          0          0          0         68   memcpya.o
       390         10          0          0          0        252   printf1.o
        14          0          0          0          0         68   strlen.o
        44          0          0          0          0         80   uidiv.o

    ----------------------------------------------------------------------
       578         26          0          0          0        536   Library Totals
         4          0          0          0          0          0   (incl. Padding)

    ----------------------------------------------------------------------

      Code (inc. data)   RO Data    RW Data    ZI Data      Debug   Library Name

       574         26          0          0          0        536   mc_w.l

    ----------------------------------------------------------------------
       578         26          0          0          0        536   Library Totals

    ----------------------------------------------------------------------

==============================================================================


      Code (inc. data)   RO Data    RW Data    ZI Data      Debug   

      8896       1330       8880        112       2624      43870   Grand Totals
      8896       1330       8880        112       2624      43870   ELF Image Totals
      8896       1330       8880        112          0          0   ROM Totals

==============================================================================

    Total RO  Size (Code + RO Data)                17776 (  17.36kB)
    Total RW  Size (RW Data + ZI Data)              2736 (   2.67kB)
    Total ROM Size (Code + RO Data + RW Data)      17888 (  17.47kB)

==============================================================================

